Component: Arm Compiler for Embedded 6.21 Tool: armlink [5ec1fa00]

==============================================================================

Section Cross References

    keyboard.o(.ARM.exidx.text.Keyboard_init) refers to keyboard.o(.text.Keyboard_init) for [Anonymous Symbol]
    keyboard.o(.text.KeySCInput) refers to dl_common.o(.text.DL_Common_delayCycles) for DL_Common_delayCycles
    keyboard.o(.text.KeySCInput) refers to keyboard.o(.data.keytonum) for keytonum
    keyboard.o(.ARM.exidx.text.KeySCInput) refers to keyboard.o(.text.KeySCInput) for [Anonymous Symbol]
    oled_spi_v0.2.o(.ARM.exidx.text.OLED_WR_Byte) refers to oled_spi_v0.2.o(.text.OLED_WR_Byte) for [Anonymous Symbol]
    oled_spi_v0.2.o(.ARM.exidx.text.OLED_Set_Pos) refers to oled_spi_v0.2.o(.text.OLED_Set_Pos) for [Anonymous Symbol]
    oled_spi_v0.2.o(.ARM.exidx.text.OLED_Display_On) refers to oled_spi_v0.2.o(.text.OLED_Display_On) for [Anonymous Symbol]
    oled_spi_v0.2.o(.ARM.exidx.text.OLED_Display_Off) refers to oled_spi_v0.2.o(.text.OLED_Display_Off) for [Anonymous Symbol]
    oled_spi_v0.2.o(.text.OLED_Clear) refers to rt_memclr.o(.text) for __aeabi_memclr4
    oled_spi_v0.2.o(.text.OLED_Clear) refers to oled_spi_v0.2.o(.bss.OLED_GRAM) for OLED_GRAM
    oled_spi_v0.2.o(.ARM.exidx.text.OLED_Clear) refers to oled_spi_v0.2.o(.text.OLED_Clear) for [Anonymous Symbol]
    oled_spi_v0.2.o(.text.OLED_ShowChar) refers to oled_spi_v0.2.o(.rodata.F8X16) for F8X16
    oled_spi_v0.2.o(.ARM.exidx.text.OLED_ShowChar) refers to oled_spi_v0.2.o(.text.OLED_ShowChar) for [Anonymous Symbol]
    oled_spi_v0.2.o(.text.OLED_ShowChar_small) refers to oled_spi_v0.2.o(.bss.OLED_GRAM) for OLED_GRAM
    oled_spi_v0.2.o(.text.OLED_ShowChar_small) refers to oled_spi_v0.2.o(.rodata.F6x8) for F6x8
    oled_spi_v0.2.o(.ARM.exidx.text.OLED_ShowChar_small) refers to oled_spi_v0.2.o(.text.OLED_ShowChar_small) for [Anonymous Symbol]
    oled_spi_v0.2.o(.ARM.exidx.text.oled_pow) refers to oled_spi_v0.2.o(.text.oled_pow) for [Anonymous Symbol]
    oled_spi_v0.2.o(.text.OLED_ShowNum) refers to aeabi_sdivfast.o(.text_divfast) for __aeabi_uidiv
    oled_spi_v0.2.o(.text.OLED_ShowNum) refers to aeabi_sdivfast.o(.text) for __aeabi_uidivmod
    oled_spi_v0.2.o(.text.OLED_ShowNum) refers to oled_spi_v0.2.o(.text.OLED_ShowChar) for OLED_ShowChar
    oled_spi_v0.2.o(.text.OLED_ShowNum) refers to oled_spi_v0.2.o(.bss.OLED_GRAM) for OLED_GRAM
    oled_spi_v0.2.o(.text.OLED_ShowNum) refers to oled_spi_v0.2.o(.rodata.F6x8) for F6x8
    oled_spi_v0.2.o(.ARM.exidx.text.OLED_ShowNum) refers to oled_spi_v0.2.o(.text.OLED_ShowNum) for [Anonymous Symbol]
    oled_spi_v0.2.o(.text.OLED_ShowSignedNum) refers to oled_spi_v0.2.o(.text.OLED_ShowChar) for OLED_ShowChar
    oled_spi_v0.2.o(.text.OLED_ShowSignedNum) refers to aeabi_sdivfast.o(.text_divfast) for __aeabi_uidiv
    oled_spi_v0.2.o(.text.OLED_ShowSignedNum) refers to aeabi_sdivfast.o(.text) for __aeabi_uidivmod
    oled_spi_v0.2.o(.ARM.exidx.text.OLED_ShowSignedNum) refers to oled_spi_v0.2.o(.text.OLED_ShowSignedNum) for [Anonymous Symbol]
    oled_spi_v0.2.o(.text.OLED_ShowString) refers to oled_spi_v0.2.o(.text.OLED_ShowChar) for OLED_ShowChar
    oled_spi_v0.2.o(.ARM.exidx.text.OLED_ShowString) refers to oled_spi_v0.2.o(.text.OLED_ShowString) for [Anonymous Symbol]
    oled_spi_v0.2.o(.text.OLED_ShowCHinese) refers to oled_spi_v0.2.o(.rodata.Hzk) for Hzk
    oled_spi_v0.2.o(.ARM.exidx.text.OLED_ShowCHinese) refers to oled_spi_v0.2.o(.text.OLED_ShowCHinese) for [Anonymous Symbol]
    oled_spi_v0.2.o(.text.OLED_ShowCHinese_small) refers to oled_spi_v0.2.o(.bss.OLED_GRAM) for OLED_GRAM
    oled_spi_v0.2.o(.text.OLED_ShowCHinese_small) refers to oled_spi_v0.2.o(.rodata.Hzk_small) for Hzk_small
    oled_spi_v0.2.o(.ARM.exidx.text.OLED_ShowCHinese_small) refers to oled_spi_v0.2.o(.text.OLED_ShowCHinese_small) for [Anonymous Symbol]
    oled_spi_v0.2.o(.ARM.exidx.text.OLED_DrawBMP) refers to oled_spi_v0.2.o(.text.OLED_DrawBMP) for [Anonymous Symbol]
    oled_spi_v0.2.o(.ARM.exidx.text.OLED_ColorTurn) refers to oled_spi_v0.2.o(.text.OLED_ColorTurn) for [Anonymous Symbol]
    oled_spi_v0.2.o(.ARM.exidx.text.OLED_DisplayTurn) refers to oled_spi_v0.2.o(.text.OLED_DisplayTurn) for [Anonymous Symbol]
    oled_spi_v0.2.o(.text.OLED_Refresh) refers to dl_common.o(.text.DL_Common_delayCycles) for DL_Common_delayCycles
    oled_spi_v0.2.o(.text.OLED_Refresh) refers to oled_spi_v0.2.o(.bss.OLED_GRAM) for OLED_GRAM
    oled_spi_v0.2.o(.ARM.exidx.text.OLED_Refresh) refers to oled_spi_v0.2.o(.text.OLED_Refresh) for [Anonymous Symbol]
    oled_spi_v0.2.o(.text.OLED_DrawPoint) refers to oled_spi_v0.2.o(.bss.OLED_GRAM) for OLED_GRAM
    oled_spi_v0.2.o(.ARM.exidx.text.OLED_DrawPoint) refers to oled_spi_v0.2.o(.text.OLED_DrawPoint) for [Anonymous Symbol]
    oled_spi_v0.2.o(.text.OLED_DrawLine) refers to oled_spi_v0.2.o(.bss.OLED_GRAM) for OLED_GRAM
[...]
    Removing dl_timer.o(.ARM.exidx.text.DL_Timer_setCaptureCompareInput), (8 bytes).
    Removing dl_timer.o(.text.DL_Timer_initCaptureTriggerMode), (112 bytes).
    Removing dl_timer.o(.ARM.exidx.text.DL_Timer_initCaptureTriggerMode), (8 bytes).
    Removing dl_timer.o(.text.DL_Timer_initCaptureCombinedMode), (228 bytes).
    Removing dl_timer.o(.ARM.exidx.text.DL_Timer_initCaptureCombinedMode), (8 bytes).
    Removing dl_timer.o(.text.DL_Timer_initCompareMode), (172 bytes).
    Removing dl_timer.o(.ARM.exidx.text.DL_Timer_initCompareMode), (8 bytes).
    Removing dl_timer.o(.text.DL_Timer_initCompareTriggerMode), (96 bytes).
    Removing dl_timer.o(.ARM.exidx.text.DL_Timer_initCompareTriggerMode), (8 bytes).
    Removing dl_timer.o(.text.DL_Timer_getCaptureCompareValue), (16 bytes).
    Removing dl_timer.o(.ARM.exidx.text.DL_Timer_getCaptureCompareValue), (8 bytes).
    Removing dl_timer.o(.text.DL_Timer_getCaptureCompareCtl), (24 bytes).
    Removing dl_timer.o(.ARM.exidx.text.DL_Timer_getCaptureCompareCtl), (8 bytes).
    Removing dl_timer.o(.text.DL_Timer_setSecondCompSrcDn), (28 bytes).
    Removing dl_timer.o(.ARM.exidx.text.DL_Timer_setSecondCompSrcDn), (8 bytes).
    Removing dl_timer.o(.text.DL_Timer_getSecondCompSrcDn), (20 bytes).
    Removing dl_timer.o(.ARM.exidx.text.DL_Timer_getSecondCompSrcDn), (8 bytes).
    Removing dl_timer.o(.text.DL_Timer_setSecondCompSrcUp), (28 bytes).
    Removing dl_timer.o(.ARM.exidx.text.DL_Timer_setSecondCompSrcUp), (8 bytes).
    Removing dl_timer.o(.text.DL_Timer_getSecondCompSrcUp), (20 bytes).
    Removing dl_timer.o(.ARM.exidx.text.DL_Timer_getSecondCompSrcUp), (8 bytes).
    Removing dl_timer.o(.text.DL_Timer_setSecondCompActionDn), (28 bytes).
    Removing dl_timer.o(.ARM.exidx.text.DL_Timer_setSecondCompActionDn), (8 bytes).
    Removing dl_timer.o(.text.DL_Timer_getSecondCompActionDn), (20 bytes).
    Removing dl_timer.o(.ARM.exidx.text.DL_Timer_getSecondCompActionDn), (8 bytes).
    Removing dl_timer.o(.text.DL_Timer_setSecondCompActionUp), (28 bytes).
    Removing dl_timer.o(.ARM.exidx.text.DL_Timer_setSecondCompActionUp), (8 bytes).
    Removing dl_timer.o(.text.DL_Timer_getSecondCompActionUp), (20 bytes).
    Removing dl_timer.o(.ARM.exidx.text.DL_Timer_getSecondCompActionUp), (8 bytes).
    Removing dl_timer.o(.text.DL_Timer_enableSuppressionOfCompEvent), (24 bytes).
    Removing dl_timer.o(.ARM.exidx.text.DL_Timer_enableSuppressionOfCompEvent), (8 bytes).
    Removing dl_timer.o(.text.DL_Timer_disableSuppressionOfCompEvent), (24 bytes).
    Removing dl_timer.o(.ARM.exidx.text.DL_Timer_disableSuppressionOfCompEvent), (8 bytes).
    Removing dl_timer.o(.text.DL_Timer_setCaptCompUpdateMethod), (28 bytes).
    Removing dl_timer.o(.ARM.exidx.text.DL_Timer_setCaptCompUpdateMethod), (8 bytes).
    Removing dl_timer.o(.text.DL_Timer_getCaptCompUpdateMethod), (20 bytes).
    Removing dl_timer.o(.ARM.exidx.text.DL_Timer_getCaptCompUpdateMethod), (8 bytes).
    Removing dl_timer.o(.text.DL_Timer_setCaptCompActUpdateMethod), (28 bytes).
    Removing dl_timer.o(.ARM.exidx.text.DL_Timer_setCaptCompActUpdateMethod), (8 bytes).
    Removing dl_timer.o(.text.DL_Timer_getCaptCompActUpdateMethod), (20 bytes).
    Removing dl_timer.o(.ARM.exidx.text.DL_Timer_getCaptCompActUpdateMethod), (8 bytes).
    Removing dl_timer.o(.text.DL_Timer_setCaptureCompareOutCtl), (24 bytes).
    Removing dl_timer.o(.ARM.exidx.text.DL_Timer_setCaptureCompareOutCtl), (8 bytes).
    Removing dl_timer.o(.text.DL_Timer_getCaptureCompareOutCtl), (16 bytes).
    Removing dl_timer.o(.ARM.exidx.text.DL_Timer_getCaptureCompareOutCtl), (8 bytes).
    Removing dl_timer.o(.text.DL_Timer_setCaptureCompareAction), (36 bytes).
    Removing dl_timer.o(.ARM.exidx.text.DL_Timer_setCaptureCompareAction), (8 bytes).
    Removing dl_timer.o(.text.DL_Timer_getCaptureCompareAction), (24 bytes).
    Removing dl_timer.o(.ARM.exidx.text.DL_Timer_getCaptureCompareAction), (8 bytes).
    Removing dl_timer.o(.text.DL_Timer_overrideCCPOut), (32 bytes).
    Removing dl_timer.o(.ARM.exidx.text.DL_Timer_overrideCCPOut), (8 bytes).
    Removing dl_timer.o(.text.DL_Timer_getCaptureCompareInput), (16 bytes).
    Removing dl_timer.o(.ARM.exidx.text.DL_Timer_getCaptureCompareInput), (8 bytes).
    Removing dl_timer.o(.text.DL_Timer_setCaptureCompareInputFilter), (28 bytes).
    Removing dl_timer.o(.ARM.exidx.text.DL_Timer_setCaptureCompareInputFilter), (8 bytes).
    Removing dl_timer.o(.text.DL_Timer_getCaptureCompareInputFilter), (18 bytes).
    Removing dl_timer.o(.ARM.exidx.text.DL_Timer_getCaptureCompareInputFilter), (8 bytes).
    Removing dl_timer.o(.text.DL_Timer_enableCaptureCompareInputFilter), (20 bytes).
    Removing dl_timer.o(.ARM.exidx.text.DL_Timer_enableCaptureCompareInputFilter), (8 bytes).
    Removing dl_timer.o(.text.DL_Timer_disableCaptureCompareInputFilter), (20 bytes).
    Removing dl_timer.o(.ARM.exidx.text.DL_Timer_disableCaptureCompareInputFilter), (8 bytes).
    Removing dl_timer.o(.text.DL_Timer_isCaptureCompareInputFilterEnabled), (20 bytes).
    Removing dl_timer.o(.ARM.exidx.text.DL_Timer_isCaptureCompareInputFilterEnabled), (8 bytes).
    Removing dl_timer.o(.text.DL_Timer_saveConfiguration), (232 bytes).
    Removing dl_timer.o(.ARM.exidx.text.DL_Timer_saveConfiguration), (8 bytes).
    Removing dl_timer.o(.text.DL_Timer_restoreConfiguration), (244 bytes).
    Removing dl_timer.o(.ARM.exidx.text.DL_Timer_restoreConfiguration), (8 bytes).
    Removing dl_timer.o(.text.DL_Timer_initFourCCPWMMode), (264 bytes).
    Removing dl_timer.o(.ARM.exidx.text.DL_Timer_initFourCCPWMMode), (8 bytes).
    Removing dl_timer.o(.text.DL_Timer_setFaultSourceConfig), (44 bytes).
    Removing dl_timer.o(.ARM.exidx.text.DL_Timer_setFaultSourceConfig), (8 bytes).
    Removing dl_timer.o(.text.DL_Timer_getFaultSourceConfig), (32 bytes).
    Removing dl_timer.o(.ARM.exidx.text.DL_Timer_getFaultSourceConfig), (8 bytes).
    Removing dl_timer.o(.text.DL_TimerA_saveConfiguration), (264 bytes).
    Removing dl_timer.o(.ARM.exidx.text.DL_TimerA_saveConfiguration), (8 bytes).
    Removing dl_timer.o(.text.DL_TimerA_restoreConfiguration), (276 bytes).
    Removing dl_timer.o(.ARM.exidx.text.DL_TimerA_restoreConfiguration), (8 bytes).
    Removing dl_timer.o(.text.DL_Timer_configQEIHallInputMode), (36 bytes).
    Removing dl_timer.o(.ARM.exidx.text.DL_Timer_configQEIHallInputMode), (8 bytes).
    Removing dl_timer.o(.rodata..Lswitch.table.DL_Timer_initCompareMode), (12 bytes).
    Removing dl_timera.o(.text), (0 bytes).
    Removing dl_timerb.o(.text), (0 bytes).
    Removing dl_timerg.o(.text), (0 bytes).
    Removing dl_trng.o(.text), (0 bytes).
    Removing dl_trng.o(.text.DL_TRNG_saveConfiguration), (44 bytes).
    Removing dl_trng.o(.ARM.exidx.text.DL_TRNG_saveConfiguration), (8 bytes).
    Removing dl_trng.o(.text.DL_TRNG_restoreConfiguration), (72 bytes).
    Removing dl_trng.o(.ARM.exidx.text.DL_TRNG_restoreConfiguration), (8 bytes).
    Removing dl_uart.o(.text), (0 bytes).
    Removing dl_uart.o(.text.DL_UART_init), (72 bytes).
    Removing dl_uart.o(.ARM.exidx.text.DL_UART_init), (8 bytes).
    Removing dl_uart.o(.text.DL_UART_setClockConfig), (18 bytes).
    Removing dl_uart.o(.ARM.exidx.text.DL_UART_setClockConfig), (8 bytes).
    Removing dl_uart.o(.text.DL_UART_getClockConfig), (16 bytes).
    Removing dl_uart.o(.ARM.exidx.text.DL_UART_getClockConfig), (8 bytes).
    Removing dl_uart.o(.text.DL_UART_configBaudRate), (132 bytes).
    Removing dl_uart.o(.ARM.exidx.text.DL_UART_configBaudRate), (8 bytes).
    Removing dl_uart.o(.text.DL_UART_configIrDAMode), (68 bytes).
    Removing dl_uart.o(.ARM.exidx.text.DL_UART_configIrDAMode), (8 bytes).
    Removing dl_uart.o(.text.DL_UART_setIrDAPulseLength), (48 bytes).
    Removing dl_uart.o(.ARM.exidx.text.DL_UART_setIrDAPulseLength), (8 bytes).
    Removing dl_uart.o(.text.DL_UART_receiveDataBlocking), (40 bytes).
    Removing dl_uart.o(.ARM.exidx.text.DL_UART_receiveDataBlocking), (8 bytes).
    Removing dl_uart.o(.text.DL_UART_transmitDataBlocking), (60 bytes).
    Removing dl_uart.o(.ARM.exidx.text.DL_UART_transmitDataBlocking), (8 bytes).
    Removing dl_uart.o(.text.DL_UART_receiveDataCheck), (28 bytes).
    Removing dl_uart.o(.ARM.exidx.text.DL_UART_receiveDataCheck), (8 bytes).
    Removing dl_uart.o(.text.DL_UART_transmitDataCheck), (28 bytes).
    Removing dl_uart.o(.ARM.exidx.text.DL_UART_transmitDataCheck), (8 bytes).
    Removing dl_uart.o(.text.DL_UART_drainRXFIFO), (116 bytes).
    Removing dl_uart.o(.ARM.exidx.text.DL_UART_drainRXFIFO), (8 bytes).
    Removing dl_uart.o(.text.DL_UART_fillTXFIFO), (116 bytes).
    Removing dl_uart.o(.ARM.exidx.text.DL_UART_fillTXFIFO), (8 bytes).
    Removing dl_uart.o(.text.DL_UART_Main_saveConfiguration), (88 bytes).
    Removing dl_uart.o(.ARM.exidx.text.DL_UART_Main_saveConfiguration), (8 bytes).
    Removing dl_uart.o(.text.DL_UART_Main_restoreConfiguration), (120 bytes).
    Removing dl_uart.o(.ARM.exidx.text.DL_UART_Main_restoreConfiguration), (8 bytes).
    Removing dl_uart.o(.text.DL_UART_Extend_saveConfiguration), (104 bytes).
    Removing dl_uart.o(.ARM.exidx.text.DL_UART_Extend_saveConfiguration), (8 bytes).
    Removing dl_uart.o(.text.DL_UART_Extend_restoreConfiguration), (132 bytes).
    Removing dl_uart.o(.ARM.exidx.text.DL_UART_Extend_restoreConfiguration), (8 bytes).
    Removing dl_unicomm.o(.text), (0 bytes).
    Removing dl_unicommi2cc.o(.text), (0 bytes).
    Removing dl_unicommi2ct.o(.text), (0 bytes).
    Removing dl_unicommspi.o(.text), (0 bytes).
    Removing dl_unicommuart.o(.text), (0 bytes).
    Removing dl_vref.o(.text), (0 bytes).
    Removing dl_vref.o(.text.DL_VREF_configReference), (32 bytes).
    Removing dl_vref.o(.ARM.exidx.text.DL_VREF_configReference), (8 bytes).
    Removing dl_vref.o(.text.DL_VREF_setClockConfig), (18 bytes).
    Removing dl_vref.o(.ARM.exidx.text.DL_VREF_setClockConfig), (8 bytes).
    Removing dl_vref.o(.text.DL_VREF_getClockConfig), (16 bytes).
    Removing dl_vref.o(.ARM.exidx.text.DL_VREF_getClockConfig), (8 bytes).
    Removing dl_wwdt.o(.text), (0 bytes).
    Removing dl_factoryregion.o(.text), (0 bytes).
    Removing dl_factoryregion.o(.ARM.exidx.text.DL_FactoryRegion_initTrimTable), (8 bytes).
    Removing dl_interrupt.o(.text), (0 bytes).
    Removing dl_interrupt.o(.text.DL_Interrupt_registerInterrupt), (144 bytes).
    Removing dl_interrupt.o(.ARM.exidx.text.DL_Interrupt_registerInterrupt), (8 bytes).
    Removing dl_interrupt.o(.text.DL_Interrupt_unregisterInterrupt), (20 bytes).
    Removing dl_interrupt.o(.ARM.exidx.text.DL_Interrupt_unregisterInterrupt), (8 bytes).
    Removing dl_interrupt.o(.vtable), (192 bytes).
    Removing dl_sysctl_mspm0gx51x.o(.text), (0 bytes).
    Removing dl_sysctl_mspm0gx51x.o(.ARM.exidx.text.DL_SYSCTL_configSYSPLL), (8 bytes).
    Removing dl_sysctl_mspm0gx51x.o(.text.DL_SYSCTL_setLFCLKSourceLFXT), (100 bytes).
    Removing dl_sysctl_mspm0gx51x.o(.ARM.exidx.text.DL_SYSCTL_setLFCLKSourceLFXT), (8 bytes).
    Removing dl_sysctl_mspm0gx51x.o(.text.DL_SYSCTL_switchMCLKfromSYSOSCtoLFCLK), (80 bytes).
    Removing dl_sysctl_mspm0gx51x.o(.ARM.exidx.text.DL_SYSCTL_switchMCLKfromSYSOSCtoLFCLK), (8 bytes).
    Removing dl_sysctl_mspm0gx51x.o(.text.DL_SYSCTL_switchMCLKfromLFCLKtoSYSOSC), (60 bytes).
    Removing dl_sysctl_mspm0gx51x.o(.ARM.exidx.text.DL_SYSCTL_switchMCLKfromLFCLKtoSYSOSC), (8 bytes).
    Removing dl_sysctl_mspm0gx51x.o(.ARM.exidx.text.DL_SYSCTL_switchMCLKfromSYSOSCtoHSCLK), (8 bytes).
    Removing dl_sysctl_mspm0gx51x.o(.text.DL_SYSCTL_switchMCLKfromHSCLKtoSYSOSC), (48 bytes).
    Removing dl_sysctl_mspm0gx51x.o(.ARM.exidx.text.DL_SYSCTL_switchMCLKfromHSCLKtoSYSOSC), (8 bytes).
    Removing dl_sysctl_mspm0gx51x.o(.text.DL_SYSCTL_setHFCLKSourceHFXT), (124 bytes).
    Removing dl_sysctl_mspm0gx51x.o(.ARM.exidx.text.DL_SYSCTL_setHFCLKSourceHFXT), (8 bytes).
    Removing dl_sysctl_mspm0gx51x.o(.ARM.exidx.text.DL_SYSCTL_setHFCLKSourceHFXTParams), (8 bytes).
    Removing dl_sysctl_mspm0gx51x.o(.text.DL_SYSCTL_configFCC), (28 bytes).
    Removing dl_sysctl_mspm0gx51x.o(.ARM.exidx.text.DL_SYSCTL_configFCC), (8 bytes).
    Removing dl_sysctl_mspm0gx51x.o(.text.DL_SYSCTL_getPowerPolicyRUNSLEEP), (48 bytes).
    Removing dl_sysctl_mspm0gx51x.o(.ARM.exidx.text.DL_SYSCTL_getPowerPolicyRUNSLEEP), (8 bytes).
    Removing dl_sysctl_mspm0gx51x.o(.text.DL_SYSCTL_getPowerPolicySTOP), (52 bytes).
    Removing dl_sysctl_mspm0gx51x.o(.ARM.exidx.text.DL_SYSCTL_getPowerPolicySTOP), (8 bytes).
    Removing dl_sysctl_mspm0gx51x.o(.text.DL_SYSCTL_getPowerPolicySTANDBY), (40 bytes).
    Removing dl_sysctl_mspm0gx51x.o(.ARM.exidx.text.DL_SYSCTL_getPowerPolicySTANDBY), (8 bytes).
    Removing dl_sysctl_mspm0gx51x.o(.text.DL_SYSCTL_initReadExecuteProtectFirewall), (56 bytes).
    Removing dl_sysctl_mspm0gx51x.o(.ARM.exidx.text.DL_SYSCTL_initReadExecuteProtectFirewall), (8 bytes).
    Removing dl_sysctl_mspm0gx51x.o(.text.DL_SYSCTL_initIPProtectFirewall), (56 bytes).
    Removing dl_sysctl_mspm0gx51x.o(.ARM.exidx.text.DL_SYSCTL_initIPProtectFirewall), (8 bytes).

775 unused section(s) (total 28770 bytes) removed from the image.

==============================================================================

Image Symbol Table

    Local Symbols

    Symbol Name                              Value     Ov Type        Size  Object(Section)

    ../clib/angel/boardlib.s                 0x00000000   Number         0  boardinit1.o ABSOLUTE
    ../clib/angel/boardlib.s                 0x00000000   Number         0  boardinit2.o ABSOLUTE
    ../clib/angel/boardlib.s                 0x00000000   Number         0  boardinit3.o ABSOLUTE
    ../clib/angel/boardlib.s                 0x00000000   Number         0  boardshut.o ABSOLUTE
    ../clib/angel/handlers.s                 0x00000000   Number         0  __scatter_copy.o ABSOLUTE
    ../clib/angel/handlers.s                 0x00000000   Number         0  __scatter_zi.o ABSOLUTE
    ../clib/angel/kernel.s                   0x00000000   Number         0  __rtentry.o ABSOLUTE
    ../clib/angel/kernel.s                   0x00000000   Number         0  __rtentry2.o ABSOLUTE
    ../clib/angel/kernel.s                   0x00000000   Number         0  __rtentry4.o ABSOLUTE
    ../clib/angel/kernel.s                   0x00000000   Number         0  rtexit.o ABSOLUTE
    ../clib/angel/kernel.s                   0x00000000   Number         0  rtexit2.o ABSOLUTE
    ../clib/angel/rt.s                       0x00000000   Number         0  aeabi_idiv0.o ABSOLUTE
    ../clib/angel/rt.s                       0x00000000   Number         0  aeabi_idiv0_sigfpe.o ABSOLUTE
    ../clib/angel/rt.s                       0x00000000   Number         0  rt_div0.o ABSOLUTE
    ../clib/angel/rt.s                       0x00000000   Number         0  rt_raise.o ABSOLUTE
    ../clib/angel/scatterp.s                 0x00000000   Number         0  __scatter.o ABSOLUTE
    ../clib/angel/startup.s                  0x00000000   Number         0  __main.o ABSOLUTE
    ../clib/angel/sys.s                      0x00000000   Number         0  sys_stackheap_outer.o ABSOLUTE
    ../clib/angel/sys.s                      0x00000000   Number         0  libspace.o ABSOLUTE
    ../clib/angel/sys.s                      0x00000000   Number         0  tempstk.o ABSOLUTE
    ../clib/angel/sys.s                      0x00000000   Number         0  use_no_semi.o ABSOLUTE
    ../clib/angel/sys.s                      0x00000000   Number         0  indicate_semi.o ABSOLUTE
    ../clib/angel/sysapp.c                   0x00000000   Number         0  sys_command.o ABSOLUTE
    ../clib/angel/sysapp.c                   0x00000000   Number         0  sys_command_hlt.o ABSOLUTE
    ../clib/angel/sysapp.c                   0x00000000   Number         0  sys_exit.o ABSOLUTE
    ../clib/angel/sysapp.c                   0x00000000   Number         0  sys_exit_hlt.o ABSOLUTE
    ../clib/angel/sysapp.c                   0x00000000   Number         0  sys_wrch.o ABSOLUTE
    ../clib/angel/sysapp.c                   0x00000000   Number         0  sys_wrch_hlt.o ABSOLUTE
    ../clib/armsys.c                         0x00000000   Number         0  argv_veneer.o ABSOLUTE
    ../clib/armsys.c                         0x00000000   Number         0  _get_argv_nomalloc.o ABSOLUTE
    ../clib/armsys.c                         0x00000000   Number         0  no_argv.o ABSOLUTE
    ../clib/division.s                       0x00000000   Number         0  aeabi_sdivfast.o ABSOLUTE
    ../clib/division.s                       0x00000000   Number         0  aeabi_sdivfast_div0.o ABSOLUTE
    ../clib/heapalloc.c                      0x00000000   Number         0  hrguard.o ABSOLUTE
    ../clib/heapaux.c                        0x00000000   Number         0  heapauxi.o ABSOLUTE
    ../clib/libinit.s                        0x00000000   Number         0  libinit2.o ABSOLUTE
    ../clib/libinit.s                        0x00000000   Number         0  libinit.o ABSOLUTE
    ../clib/libinit.s                        0x00000000   Number         0  libshutdown.o ABSOLUTE
    ../clib/libinit.s                        0x00000000   Number         0  libshutdown2.o ABSOLUTE
    ../clib/memcpset.c                       0x00000000   Number         0  rt_memcpy.o ABSOLUTE
    ../clib/memcpset.c                       0x00000000   Number         0  rt_memcpy.o ABSOLUTE
    ../clib/memcpset.c                       0x00000000   Number         0  rt_memclr.o ABSOLUTE
    ../clib/signal.c                         0x00000000   Number         0  defsig_fpe_outer.o ABSOLUTE
    ../clib/signal.c                         0x00000000   Number         0  defsig_fpe_formal.o ABSOLUTE
    ../clib/signal.c                         0x00000000   Number         0  defsig_exit.o ABSOLUTE
    ../clib/signal.c                         0x00000000   Number         0  defsig_fpe_inner.o ABSOLUTE
    ../clib/signal.c                         0x00000000   Number         0  defsig_rtmem_outer.o ABSOLUTE
    ../clib/signal.c                         0x00000000   Number         0  defsig_rtmem_formal.o ABSOLUTE
    ../clib/signal.c                         0x00000000   Number         0  __raise.o ABSOLUTE
    ../clib/signal.c                         0x00000000   Number         0  defsig_general.o ABSOLUTE
    ../clib/signal.c                         0x00000000   Number         0  defsig_rtmem_inner.o ABSOLUTE
    ../clib/signal.c                         0x00000000   Number         0  defsig_abrt_inner.o ABSOLUTE
    ../clib/signal.c                         0x00000000   Number         0  defsig_rtred_inner.o ABSOLUTE
    ../clib/signal.c                         0x00000000   Number         0  defsig_stak_inner.o ABSOLUTE
    ../clib/signal.c                         0x00000000   Number         0  defsig_pvfn_inner.o ABSOLUTE
    ../clib/signal.c                         0x00000000   Number         0  defsig_cppl_inner.o ABSOLUTE
    ../clib/signal.c                         0x00000000   Number         0  defsig_segv_inner.o ABSOLUTE
    ../clib/signal.c                         0x00000000   Number         0  defsig_other.o ABSOLUTE
    ../clib/signal.s                         0x00000000   Number         0  defsig.o ABSOLUTE
    ../clib/stdlib.c                         0x00000000   Number         0  rand.o ABSOLUTE
    ../clib/stdlib.c                         0x00000000   Number         0  rand.o ABSOLUTE
    ../clib/stdlib.c                         0x00000000   Number         0  exit.o ABSOLUTE
    ../fplib/cfplib/fpinit.c                 0x00000000   Number         0  fpinit.o ABSOLUTE
    Keyboard.c                               0x00000000   Number         0  keyboard.o ABSOLUTE
    dc.s                                     0x00000000   Number         0  dc.o ABSOLUTE
    dl_adc12.c                               0x00000000   Number         0  dl_adc12.o ABSOLUTE
    dl_aes.c                                 0x00000000   Number         0  dl_aes.o ABSOLUTE
    dl_aesadv.c                              0x00000000   Number         0  dl_aesadv.o ABSOLUTE
    dl_common.c                              0x00000000   Number         0  dl_common.o ABSOLUTE
    dl_comp.c                                0x00000000   Number         0  dl_comp.o ABSOLUTE
    dl_crc.c                                 0x00000000   Number         0  dl_crc.o ABSOLUTE
    dl_crcp.c                                0x00000000   Number         0  dl_crcp.o ABSOLUTE
    dl_dac12.c                               0x00000000   Number         0  dl_dac12.o ABSOLUTE
    dl_dma.c                                 0x00000000   Number         0  dl_dma.o ABSOLUTE
    dl_factoryregion.c                       0x00000000   Number         0  dl_factoryregion.o ABSOLUTE
    dl_flashctl.c                            0x00000000   Number         0  dl_flashctl.o ABSOLUTE
    dl_gpamp.c                               0x00000000   Number         0  dl_gpamp.o ABSOLUTE
    dl_gpio.c                                0x00000000   Number         0  dl_gpio.o ABSOLUTE
    dl_i2c.c                                 0x00000000   Number         0  dl_i2c.o ABSOLUTE
    dl_i2s.c                                 0x00000000   Number         0  dl_i2s.o ABSOLUTE
    dl_interrupt.c                           0x00000000   Number         0  dl_interrupt.o ABSOLUTE
    dl_iwdt.c                                0x00000000   Number         0  dl_iwdt.o ABSOLUTE
    dl_keystorectl.c                         0x00000000   Number         0  dl_keystorectl.o ABSOLUTE
    dl_lcd.c                                 0x00000000   Number         0  dl_lcd.o ABSOLUTE
    dl_lfss.c                                0x00000000   Number         0  dl_lfss.o ABSOLUTE
    dl_mathacl.c                             0x00000000   Number         0  dl_mathacl.o ABSOLUTE
    dl_mcan.c                                0x00000000   Number         0  dl_mcan.o ABSOLUTE
    dl_npu.c                                 0x00000000   Number         0  dl_npu.o ABSOLUTE
    dl_opa.c                                 0x00000000   Number         0  dl_opa.o ABSOLUTE
    dl_rtc.c                                 0x00000000   Number         0  dl_rtc.o ABSOLUTE
    dl_rtc_a.c                               0x00000000   Number         0  dl_rtc_a.o ABSOLUTE
    dl_rtc_b.c                               0x00000000   Number         0  dl_rtc_b.o ABSOLUTE
    dl_rtc_common.c                          0x00000000   Number         0  dl_rtc_common.o ABSOLUTE
    dl_scratchpad.c                          0x00000000   Number         0  dl_scratchpad.o ABSOLUTE
    dl_spgss.c                               0x00000000   Number         0  dl_spgss.o ABSOLUTE
    dl_spi.c                                 0x00000000   Number         0  dl_spi.o ABSOLUTE
    dl_sysctl_mspm0gx51x.c                   0x00000000   Number         0  dl_sysctl_mspm0gx51x.o ABSOLUTE
    dl_tamperio.c                            0x00000000   Number         0  dl_tamperio.o ABSOLUTE
    dl_timer.c                               0x00000000   Number         0  dl_timer.o ABSOLUTE
    dl_timera.c                              0x00000000   Number         0  dl_timera.o ABSOLUTE
    dl_timerb.c                              0x00000000   Number         0  dl_timerb.o ABSOLUTE
    dl_timerg.c                              0x00000000   Number         0  dl_timerg.o ABSOLUTE
    dl_trng.c                                0x00000000   Number         0  dl_trng.o ABSOLUTE
    dl_uart.c                                0x00000000   Number         0  dl_uart.o ABSOLUTE
    dl_unicomm.c                             0x00000000   Number         0  dl_unicomm.o ABSOLUTE
    dl_unicommi2cc.c                         0x00000000   Number         0  dl_unicommi2cc.o ABSOLUTE
    dl_unicommi2ct.c                         0x00000000   Number         0  dl_unicommi2ct.o ABSOLUTE
    dl_unicommspi.c                          0x00000000   Number         0  dl_unicommspi.o ABSOLUTE
    dl_unicommuart.c                         0x00000000   Number         0  dl_unicommuart.o ABSOLUTE
    dl_vref.c                                0x00000000   Number         0  dl_vref.o ABSOLUTE
    dl_wwdt.c                                0x00000000   Number         0  dl_wwdt.o ABSOLUTE
    function.c                               0x00000000   Number         0  function.o ABSOLUTE
    interface.c                              0x00000000   Number         0  interface.o ABSOLUTE
    main.c                                   0x00000000   Number         0  main.o ABSOLUTE
    oled_spi_V0.2.c                          0x00000000   Number         0  oled_spi_v0.2.o ABSOLUTE
    startup_mspm0g351x_uvision.s             0x00000000   Number         0  startup_mspm0g351x_uvision.o ABSOLUTE
    ti_msp_dl_config.c                       0x00000000   Number         0  ti_msp_dl_config.o ABSOLUTE
    RESET                                    0x00000000   Section      192  startup_mspm0g351x_uvision.o(RESET)
    !!!main                                  0x000000c0   Section        8  __main.o(!!!main)
    !!!scatter                               0x000000c8   Section       84  __scatter.o(!!!scatter)
    !!handler_copy                           0x00000120   Section       26  __scatter_copy.o(!!handler_copy)
    !!handler_null                           0x00000140   Section        2  __scatter.o(!!handler_null)
    !!handler_zi                             0x00000148   Section       28  __scatter_zi.o(!!handler_zi)
    .ARM.Collect$$libinit$$00000000          0x00000164   Section        2  libinit.o(.ARM.Collect$$libinit$$00000000)
    .ARM.Collect$$libinit$$00000002          0x00000166   Section        0  libinit2.o(.ARM.Collect$$libinit$$00000002)
    .ARM.Collect$$libinit$$00000004          0x00000166   Section        0  libinit2.o(.ARM.Collect$$libinit$$00000004)
    .ARM.Collect$$libinit$$00000006          0x00000166   Section        0  libinit2.o(.ARM.Collect$$libinit$$00000006)
    .ARM.Collect$$libinit$$0000000C          0x00000166   Section        0  libinit2.o(.ARM.Collect$$libinit$$0000000C)
    .ARM.Collect$$libinit$$0000000E          0x00000166   Section        0  libinit2.o(.ARM.Collect$$libinit$$0000000E)
    .ARM.Collect$$libinit$$0000000F          0x00000166   Section        4  libinit2.o(.ARM.Collect$$libinit$$0000000F)
    .ARM.Collect$$libinit$$00000010          0x0000016a   Section        0  libinit2.o(.ARM.Collect$$libinit$$00000010)
    .ARM.Collect$$libinit$$00000013          0x0000016a   Section        0  libinit2.o(.ARM.Collect$$libinit$$00000013)
    .ARM.Collect$$libinit$$00000015          0x0000016a   Section        0  libinit2.o(.ARM.Collect$$libinit$$00000015)
    .ARM.Collect$$libinit$$00000017          0x0000016a   Section        0  libinit2.o(.ARM.Collect$$libinit$$00000017)
    .ARM.Collect$$libinit$$00000019          0x0000016a   Section        0  libinit2.o(.ARM.Collect$$libinit$$00000019)
    .ARM.Collect$$libinit$$0000001B          0x0000016a   Section        0  libinit2.o(.ARM.Collect$$libinit$$0000001B)
    .ARM.Collect$$libinit$$0000001D          0x0000016a   Section        0  libinit2.o(.ARM.Collect$$libinit$$0000001D)
    .ARM.Collect$$libinit$$0000001F          0x0000016a   Section        0  libinit2.o(.ARM.Collect$$libinit$$0000001F)
    .ARM.Collect$$libinit$$00000021          0x0000016a   Section        0  libinit2.o(.ARM.Collect$$libinit$$00000021)
    .ARM.Collect$$libinit$$00000023          0x0000016a   Section        0  libinit2.o(.ARM.Collect$$libinit$$00000023)
    .ARM.Collect$$libinit$$00000025          0x0000016a   Section        0  libinit2.o(.ARM.Collect$$libinit$$00000025)
    .ARM.Collect$$libinit$$00000027          0x0000016a   Section        0  libinit2.o(.ARM.Collect$$libinit$$00000027)
    .ARM.Collect$$libinit$$0000002E          0x0000016a   Section        0  libinit2.o(.ARM.Collect$$libinit$$0000002E)
    .ARM.Collect$$libinit$$00000030          0x0000016a   Section        0  libinit2.o(.ARM.Collect$$libinit$$00000030)
    .ARM.Collect$$libinit$$00000032          0x0000016a   Section        0  libinit2.o(.ARM.Collect$$libinit$$00000032)
    .ARM.Collect$$libinit$$00000034          0x0000016a   Section        0  libinit2.o(.ARM.Collect$$libinit$$00000034)
    .ARM.Collect$$libinit$$00000035          0x0000016a   Section        2  libinit2.o(.ARM.Collect$$libinit$$00000035)
    .ARM.Collect$$libshutdown$$00000000      0x0000016c   Section        2  libshutdown.o(.ARM.Collect$$libshutdown$$00000000)
    .ARM.Collect$$libshutdown$$00000002      0x0000016e   Section        0  libshutdown2.o(.ARM.Collect$$libshutdown$$00000002)
    .ARM.Collect$$libshutdown$$00000004      0x0000016e   Section        0  libshutdown2.o(.ARM.Collect$$libshutdown$$00000004)
    .ARM.Collect$$libshutdown$$00000007      0x0000016e   Section        0  libshutdown2.o(.ARM.Collect$$libshutdown$$00000007)
    .ARM.Collect$$libshutdown$$0000000A      0x0000016e   Section        0  libshutdown2.o(.ARM.Collect$$libshutdown$$0000000A)
    .ARM.Collect$$libshutdown$$0000000C      0x0000016e   Section        0  libshutdown2.o(.ARM.Collect$$libshutdown$$0000000C)
    .ARM.Collect$$libshutdown$$0000000F      0x0000016e   Section        0  libshutdown2.o(.ARM.Collect$$libshutdown$$0000000F)
    .ARM.Collect$$libshutdown$$00000010      0x0000016e   Section        2  libshutdown2.o(.ARM.Collect$$libshutdown$$00000010)
    .ARM.Collect$$rtentry$$00000000          0x00000170   Section        0  __rtentry.o(.ARM.Collect$$rtentry$$00000000)
    .ARM.Collect$$rtentry$$00000002          0x00000170   Section        0  __rtentry2.o(.ARM.Collect$$rtentry$$00000002)
    .ARM.Collect$$rtentry$$00000004          0x00000170   Section        6  __rtentry4.o(.ARM.Collect$$rtentry$$00000004)
    .ARM.Collect$$rtentry$$00000009          0x00000176   Section        0  __rtentry2.o(.ARM.Collect$$rtentry$$00000009)
    .ARM.Collect$$rtentry$$0000000A          0x00000176   Section        4  __rtentry2.o(.ARM.Collect$$rtentry$$0000000A)
    .ARM.Collect$$rtentry$$0000000C          0x0000017a   Section        0  __rtentry2.o(.ARM.Collect$$rtentry$$0000000C)
    .ARM.Collect$$rtentry$$0000000D          0x0000017a   Section        8  __rtentry2.o(.ARM.Collect$$rtentry$$0000000D)
    .ARM.Collect$$rtexit$$00000000           0x00000182   Section        2  rtexit.o(.ARM.Collect$$rtexit$$00000000)
    .ARM.Collect$$rtexit$$00000002           0x00000184   Section        0  rtexit2.o(.ARM.Collect$$rtexit$$00000002)
    .ARM.Collect$$rtexit$$00000003           0x00000184   Section        4  rtexit2.o(.ARM.Collect$$rtexit$$00000003)
    .ARM.Collect$$rtexit$$00000004           0x00000188   Section        6  rtexit2.o(.ARM.Collect$$rtexit$$00000004)
    .emb_text                                0x00000190   Section       56  rand.o(.emb_text)
    .text                                    0x000001c8   Section       44  startup_mspm0g351x_uvision.o(.text)
    .text                                    0x000001f4   Section        0  rand.o(.text)
    .text                                    0x00000230   Section        0  rt_memclr.o(.text)
    .text                                    0x00000270   Section      504  aeabi_sdivfast.o(.text)
    .text                                    0x00000468   Section        0  heapauxi.o(.text)
    .text                                    0x0000046e   Section       62  sys_stackheap_outer.o(.text)
    .text                                    0x000004ac   Section        0  exit.o(.text)
    .text                                    0x000004bc   Section        8  libspace.o(.text)
    .text                                    0x000004c4   Section        0  sys_exit.o(.text)
    .text                                    0x000004d0   Section        2  use_no_semi.o(.text)
    [Anonymous Symbol]                       0x000004d2   Section        0  dl_common.o(.text.DL_Common_delayCycles)
    .text                                    0x000004d2   Section        0  indicate_semi.o(.text)
    [Anonymous Symbol]                       0x000004dc   Section        0  dl_factoryregion.o(.text.DL_FactoryRegion_initTrimTable)
    __arm_cp.0_0                             0x00000528   Number         4  dl_factoryregion.o(.text.DL_FactoryRegion_initTrimTable)
    __arm_cp.0_1                             0x0000052c   Number         4  dl_factoryregion.o(.text.DL_FactoryRegion_initTrimTable)
    [Anonymous Symbol]                       0x00000530   Section        0  dl_spi.o(.text.DL_SPI_init)
    __arm_cp.0_0                             0x0000056c   Number         4  dl_spi.o(.text.DL_SPI_init)
    __arm_cp.0_1                             0x00000570   Number         4  dl_spi.o(.text.DL_SPI_init)
    [Anonymous Symbol]                       0x00000574   Section        0  dl_spi.o(.text.DL_SPI_setClockConfig)
    [Anonymous Symbol]                       0x00000588   Section        0  dl_sysctl_mspm0gx51x.o(.text.DL_SYSCTL_configSYSPLL)
    __arm_cp.0_0                             0x00000678   Number         4  dl_sysctl_mspm0gx51x.o(.text.DL_SYSCTL_configSYSPLL)
    __arm_cp.0_4                             0x0000067c   Number         4  dl_sysctl_mspm0gx51x.o(.text.DL_SYSCTL_configSYSPLL)
    __arm_cp.0_5                             0x00000680   Number         4  dl_sysctl_mspm0gx51x.o(.text.DL_SYSCTL_configSYSPLL)
    __arm_cp.0_6                             0x00000684   Number         4  dl_sysctl_mspm0gx51x.o(.text.DL_SYSCTL_configSYSPLL)
    [Anonymous Symbol]                       0x00000688   Section        0  dl_sysctl_mspm0gx51x.o(.text.DL_SYSCTL_setHFCLKSourceHFXTParams)
    __arm_cp.7_0                             0x00000708   Number         4  dl_sysctl_mspm0gx51x.o(.text.DL_SYSCTL_setHFCLKSourceHFXTParams)
    __arm_cp.7_1                             0x0000070c   Number         4  dl_sysctl_mspm0gx51x.o(.text.DL_SYSCTL_setHFCLKSourceHFXTParams)
    __arm_cp.7_2                             0x00000710   Number         4  dl_sysctl_mspm0gx51x.o(.text.DL_SYSCTL_setHFCLKSourceHFXTParams)
    [Anonymous Symbol]                       0x00000714   Section        0  dl_sysctl_mspm0gx51x.o(.text.DL_SYSCTL_switchMCLKfromSYSOSCtoHSCLK)
    __arm_cp.4_0                             0x0000075c   Number         4  dl_sysctl_mspm0gx51x.o(.text.DL_SYSCTL_switchMCLKfromSYSOSCtoHSCLK)
    __arm_cp.4_1                             0x00000760   Number         4  dl_sysctl_mspm0gx51x.o(.text.DL_SYSCTL_switchMCLKfromSYSOSCtoHSCLK)
    [Anonymous Symbol]                       0x00000764   Section        0  dl_timer.o(.text.DL_Timer_initTimerMode)
    __arm_cp.2_0                             0x00000854   Number         4  dl_timer.o(.text.DL_Timer_initTimerMode)
    __arm_cp.2_1                             0x00000858   Number         4  dl_timer.o(.text.DL_Timer_initTimerMode)
    __arm_cp.2_2                             0x0000085c   Number         4  dl_timer.o(.text.DL_Timer_initTimerMode)
    __arm_cp.2_3                             0x00000860   Number         4  dl_timer.o(.text.DL_Timer_initTimerMode)
    [Anonymous Symbol]                       0x00000864   Section        0  dl_timer.o(.text.DL_Timer_setClockConfig)
    __arm_cp.0_0                             0x0000087c   Number         4  dl_timer.o(.text.DL_Timer_setClockConfig)
    [Anonymous Symbol]                       0x00000880   Section        0  keyboard.o(.text.KeySCInput)
    __arm_cp.1_0                             0x00000a84   Number         4  keyboard.o(.text.KeySCInput)
    __arm_cp.1_1                             0x00000a88   Number         4  keyboard.o(.text.KeySCInput)
    __arm_cp.1_2                             0x00000a8c   Number         4  keyboard.o(.text.KeySCInput)
    [Anonymous Symbol]                       0x00000a90   Section        0  oled_spi_v0.2.o(.text.OLED_Clear)
    [Anonymous Symbol]                       0x00000bf4   Section        0  oled_spi_v0.2.o(.text.OLED_DrawLine)
    [Anonymous Symbol]                       0x00000ccc   Section        0  oled_spi_v0.2.o(.text.OLED_DrawPoint)
    __arm_cp.17_0                            0x00000cf0   Number         4  oled_spi_v0.2.o(.text.OLED_DrawPoint)
    [Anonymous Symbol]                       0x00000cf4   Section        0  oled_spi_v0.2.o(.text.OLED_Init)
    __arm_cp.20_4                            0x00000d24   Number         4  oled_spi_v0.2.o(.text.OLED_Init)
    __arm_cp.20_5                            0x00000d28   Number         4  oled_spi_v0.2.o(.text.OLED_Init)
    __arm_cp.20_6                            0x00000d2c   Number         4  oled_spi_v0.2.o(.text.OLED_Init)
    __arm_cp.20_7                            0x00000d30   Number         4  oled_spi_v0.2.o(.text.OLED_Init)
    [Anonymous Symbol]                       0x000014b4   Section        0  oled_spi_v0.2.o(.text.OLED_Refresh)
    __arm_cp.16_0                            0x0000166c   Number         4  oled_spi_v0.2.o(.text.OLED_Refresh)
    __arm_cp.16_1                            0x00001670   Number         4  oled_spi_v0.2.o(.text.OLED_Refresh)
    __arm_cp.16_2                            0x00001674   Number         4  oled_spi_v0.2.o(.text.OLED_Refresh)
    __arm_cp.16_3                            0x00001678   Number         4  oled_spi_v0.2.o(.text.OLED_Refresh)
    [Anonymous Symbol]                       0x0000167c   Section        0  oled_spi_v0.2.o(.text.OLED_ShowCHinese)
    __arm_cp.11_2                            0x0000193c   Number         4  oled_spi_v0.2.o(.text.OLED_ShowCHinese)
    [Anonymous Symbol]                       0x00001940   Section        0  oled_spi_v0.2.o(.text.OLED_ShowCHinese_small)
    __arm_cp.12_0                            0x00001a6c   Number         4  oled_spi_v0.2.o(.text.OLED_ShowCHinese_small)
    __arm_cp.12_1                            0x00001a70   Number         4  oled_spi_v0.2.o(.text.OLED_ShowCHinese_small)
    __arm_cp.12_3                            0x00001a74   Number         4  oled_spi_v0.2.o(.text.OLED_ShowCHinese_small)
    [Anonymous Symbol]                       0x00001a78   Section        0  oled_spi_v0.2.o(.text.OLED_ShowChar)
    __arm_cp.5_0                             0x00001d4c   Number         4  oled_spi_v0.2.o(.text.OLED_ShowChar)
    __arm_cp.5_1                             0x00001d50   Number         4  oled_spi_v0.2.o(.text.OLED_ShowChar)
    __arm_cp.5_2                             0x00001d54   Number         4  oled_spi_v0.2.o(.text.OLED_ShowChar)
    [Anonymous Symbol]                       0x00001d58   Section        0  oled_spi_v0.2.o(.text.OLED_ShowChar_small)
    __arm_cp.6_0                             0x00001da8   Number         4  oled_spi_v0.2.o(.text.OLED_ShowChar_small)
    [Anonymous Symbol]                       0x00001dac   Section        0  oled_spi_v0.2.o(.text.OLED_ShowNum)
    __arm_cp.8_0                             0x00001f88   Number         4  oled_spi_v0.2.o(.text.OLED_ShowNum)
    __arm_cp.8_1                             0x00001f8c   Number         4  oled_spi_v0.2.o(.text.OLED_ShowNum)
    __arm_cp.8_2                             0x00001f90   Number         4  oled_spi_v0.2.o(.text.OLED_ShowNum)
    [Anonymous Symbol]                       0x00001f94   Section        0  ti_msp_dl_config.o(.text.SYSCFG_DL_GPIO_init)
    __arm_cp.2_0                             0x00002060   Number         4  ti_msp_dl_config.o(.text.SYSCFG_DL_GPIO_init)
    __arm_cp.2_1                             0x00002064   Number         4  ti_msp_dl_config.o(.text.SYSCFG_DL_GPIO_init)
    __arm_cp.2_2                             0x00002068   Number         4  ti_msp_dl_config.o(.text.SYSCFG_DL_GPIO_init)
    __arm_cp.2_3                             0x0000206c   Number         4  ti_msp_dl_config.o(.text.SYSCFG_DL_GPIO_init)
    __arm_cp.2_4                             0x00002070   Number         4  ti_msp_dl_config.o(.text.SYSCFG_DL_GPIO_init)
    __arm_cp.2_5                             0x00002074   Number         4  ti_msp_dl_config.o(.text.SYSCFG_DL_GPIO_init)
    __arm_cp.2_6                             0x00002078   Number         4  ti_msp_dl_config.o(.text.SYSCFG_DL_GPIO_init)
    __arm_cp.2_7                             0x0000207c   Number         4  ti_msp_dl_config.o(.text.SYSCFG_DL_GPIO_init)
    __arm_cp.2_8                             0x00002080   Number         4  ti_msp_dl_config.o(.text.SYSCFG_DL_GPIO_init)
    __arm_cp.2_9                             0x00002084   Number         4  ti_msp_dl_config.o(.text.SYSCFG_DL_GPIO_init)
    __arm_cp.2_10                            0x00002088   Number         4  ti_msp_dl_config.o(.text.SYSCFG_DL_GPIO_init)
    __arm_cp.2_11                            0x0000208c   Number         4  ti_msp_dl_config.o(.text.SYSCFG_DL_GPIO_init)
    __arm_cp.2_12                            0x00002090   Number         4  ti_msp_dl_config.o(.text.SYSCFG_DL_GPIO_init)
    __arm_cp.2_13                            0x00002094   Number         4  ti_msp_dl_config.o(.text.SYSCFG_DL_GPIO_init)
    __arm_cp.2_14                            0x00002098   Number         4  ti_msp_dl_config.o(.text.SYSCFG_DL_GPIO_init)
    [Anonymous Symbol]                       0x0000209c   Section        0  ti_msp_dl_config.o(.text.SYSCFG_DL_SPI_0_init)
    __arm_cp.5_0                             0x000020d4   Number         4  ti_msp_dl_config.o(.text.SYSCFG_DL_SPI_0_init)
    __arm_cp.5_1                             0x000020d8   Number         4  ti_msp_dl_config.o(.text.SYSCFG_DL_SPI_0_init)
    __arm_cp.5_2                             0x000020dc   Number         4  ti_msp_dl_config.o(.text.SYSCFG_DL_SPI_0_init)
    __arm_cp.5_3                             0x000020e0   Number         4  ti_msp_dl_config.o(.text.SYSCFG_DL_SPI_0_init)
    __arm_cp.5_4                             0x000020e4   Number         4  ti_msp_dl_config.o(.text.SYSCFG_DL_SPI_0_init)
    [Anonymous Symbol]                       0x000020e8   Section        0  ti_msp_dl_config.o(.text.SYSCFG_DL_SYSCTL_init)
    __arm_cp.3_0                             0x0000216c   Number         4  ti_msp_dl_config.o(.text.SYSCFG_DL_SYSCTL_init)
    __arm_cp.3_1                             0x00002170   Number         4  ti_msp_dl_config.o(.text.SYSCFG_DL_SYSCTL_init)
    __arm_cp.3_2                             0x00002174   Number         4  ti_msp_dl_config.o(.text.SYSCFG_DL_SYSCTL_init)
    [Anonymous Symbol]                       0x00002178   Section        0  ti_msp_dl_config.o(.text.SYSCFG_DL_TIMER_0_init)
    __arm_cp.4_0                             0x0000219c   Number         4  ti_msp_dl_config.o(.text.SYSCFG_DL_TIMER_0_init)
    __arm_cp.4_1                             0x000021a0   Number         4  ti_msp_dl_config.o(.text.SYSCFG_DL_TIMER_0_init)
    __arm_cp.4_2                             0x000021a4   Number         4  ti_msp_dl_config.o(.text.SYSCFG_DL_TIMER_0_init)
    __arm_cp.4_3                             0x000021a8   Number         4  ti_msp_dl_config.o(.text.SYSCFG_DL_TIMER_0_init)
    __arm_cp.4_4                             0x000021ac   Number         4  ti_msp_dl_config.o(.text.SYSCFG_DL_TIMER_0_init)
    [Anonymous Symbol]                       0x000021b0   Section        0  ti_msp_dl_config.o(.text.SYSCFG_DL_TRNG_init)
    __arm_cp.6_0                             0x000021ec   Number         4  ti_msp_dl_config.o(.text.SYSCFG_DL_TRNG_init)
    __arm_cp.6_1                             0x000021f0   Number         4  ti_msp_dl_config.o(.text.SYSCFG_DL_TRNG_init)
    [Anonymous Symbol]                       0x000021f4   Section        0  ti_msp_dl_config.o(.text.SYSCFG_DL_init)
    __arm_cp.0_0                             0x00002224   Number         4  ti_msp_dl_config.o(.text.SYSCFG_DL_init)
    __arm_cp.0_1                             0x00002228   Number         4  ti_msp_dl_config.o(.text.SYSCFG_DL_init)
    __arm_cp.0_2                             0x0000222c   Number         4  ti_msp_dl_config.o(.text.SYSCFG_DL_init)
    [Anonymous Symbol]                       0x00002230   Section        0  ti_msp_dl_config.o(.text.SYSCFG_DL_initPower)
    __arm_cp.1_0                             0x00002264   Number         4  ti_msp_dl_config.o(.text.SYSCFG_DL_initPower)
    __arm_cp.1_1                             0x00002268   Number         4  ti_msp_dl_config.o(.text.SYSCFG_DL_initPower)
    __arm_cp.1_2                             0x0000226c   Number         4  ti_msp_dl_config.o(.text.SYSCFG_DL_initPower)
    __arm_cp.1_3                             0x00002270   Number         4  ti_msp_dl_config.o(.text.SYSCFG_DL_initPower)
    __arm_cp.1_4                             0x00002274   Number         4  ti_msp_dl_config.o(.text.SYSCFG_DL_initPower)
    __arm_cp.1_5                             0x00002278   Number         4  ti_msp_dl_config.o(.text.SYSCFG_DL_initPower)
    __arm_cp.1_6                             0x0000227c   Number         4  ti_msp_dl_config.o(.text.SYSCFG_DL_initPower)
    __arm_cp.1_7                             0x00002280   Number         4  ti_msp_dl_config.o(.text.SYSCFG_DL_initPower)
    [Anonymous Symbol]                       0x00002284   Section        0  function.o(.text.TIMA0_IRQHandler)
    [Anonymous Symbol]                       0x0000228c   Section        0  interface.o(.text.boot_screen)
    [Anonymous Symbol]                       0x000022b0   Section        0  interface.o(.text.choice_screen)
    [Anonymous Symbol]                       0x000022f4   Section        0  function.o(.text.food_generator)
    [Anonymous Symbol]                       0x000024a4   Section        0  interface.o(.text.frame_screen)
    [Anonymous Symbol]                       0x000024f8   Section        0  function.o(.text.game)
    __arm_cp.0_0                             0x00002608   Number         4  function.o(.text.game)
    __arm_cp.0_1                             0x0000260c   Number         4  function.o(.text.game)
    __arm_cp.0_2                             0x00002610   Number         4  function.o(.text.game)
    __arm_cp.0_3                             0x00002614   Number         4  function.o(.text.game)
    __arm_cp.0_4                             0x00002618   Number         4  function.o(.text.game)
    __arm_cp.0_5                             0x0000261c   Number         4  function.o(.text.game)
    __arm_cp.0_8                             0x00002620   Number         4  function.o(.text.game)
    [Anonymous Symbol]                       0x00002624   Section        0  main.o(.text.main)
    __arm_cp.0_0                             0x00002680   Number         4  main.o(.text.main)
    __arm_cp.0_1                             0x00002684   Number         4  main.o(.text.main)
    __arm_cp.0_2                             0x00002688   Number         4  main.o(.text.main)
    [Anonymous Symbol]                       0x0000268c   Section        0  function.o(.text.move)
    __arm_cp.1_0                             0x000027e8   Number         4  function.o(.text.move)
    __arm_cp.1_1                             0x000027ec   Number         4  function.o(.text.move)
    __arm_cp.1_2                             0x000027f0   Number         4  function.o(.text.move)
    __arm_cp.1_5                             0x00002824   Number         4  function.o(.text.move)
    [Anonymous Symbol]                       0x00002828   Section        0  interface.o(.text.pause_screen)
    [Anonymous Symbol]                       0x00002988   Section        0  interface.o(.text.prompt_screen)
    [Anonymous Symbol]                       0x00002a34   Section        0  function.o(.text.snake_init)
    __arm_cp.3_0                             0x00002b40   Number         4  function.o(.text.snake_init)
    __arm_cp.3_1                             0x00002b44   Number         4  function.o(.text.snake_init)
    .text_divfast                            0x00002b48   Section      502  aeabi_sdivfast.o(.text_divfast)
    gSPI_0_clockConfig                       0x00004046   Data           2  ti_msp_dl_config.o(.rodata.gSPI_0_clockConfig)
    [Anonymous Symbol]                       0x00004046   Section        0  ti_msp_dl_config.o(.rodata.gSPI_0_clockConfig)
    gSPI_0_config                            0x00004048   Data          10  ti_msp_dl_config.o(.rodata.gSPI_0_config)
    [Anonymous Symbol]                       0x00004048   Section        0  ti_msp_dl_config.o(.rodata.gSPI_0_config)
    gSYSPLLConfig                            0x00004054   Data          40  ti_msp_dl_config.o(.rodata.gSYSPLLConfig)
    [Anonymous Symbol]                       0x00004054   Section        0  ti_msp_dl_config.o(.rodata.gSYSPLLConfig)
    gTIMER_0ClockConfig                      0x0000407c   Data           3  ti_msp_dl_config.o(.rodata.gTIMER_0ClockConfig)
    [Anonymous Symbol]                       0x0000407c   Section        0  ti_msp_dl_config.o(.rodata.gTIMER_0ClockConfig)
    gTIMER_0TimerConfig                      0x00004080   Data          20  ti_msp_dl_config.o(.rodata.gTIMER_0TimerConfig)
    [Anonymous Symbol]                       0x00004080   Section        0  ti_msp_dl_config.o(.rodata.gTIMER_0TimerConfig)
    .bss                                     0x20200060   Section      228  rand.o(.bss)
    .bss                                     0x20200144   Section       96  libspace.o(.bss)
    Heap_Mem                                 0x20200778   Data           0  startup_mspm0g351x_uvision.o(HEAP)
    Stack_Mem                                0x20200778   Data        8192  startup_mspm0g351x_uvision.o(STACK)
    HEAP                                     0x20200778   Section        0  startup_mspm0g351x_uvision.o(HEAP)
    STACK                                    0x20200778   Section     8192  startup_mspm0g351x_uvision.o(STACK)
    __initial_sp                             0x20202778   Data           0  startup_mspm0g351x_uvision.o(STACK)

    Global Symbols

    Symbol Name                              Value     Ov Type        Size  Object(Section)

    BuildAttributes$$THM_ISAv3M$S$PE$A:L22$X:L11$S22$IEEE1$IW$~IW$USESV6$~STKCKD$USESV7$~SHL$OTIME$ROPI$EBA8$UX$STANDARDLIB$REQ8$PRES8$EABIv2 0x00000000   Number         0  anon$$obj.o ABSOLUTE
    __Vectors                                0x00000000   Data           4  startup_mspm0g351x_uvision.o(RESET)
    __ARM_exceptions_init                     - Undefined Weak Reference
    __alloca_initialize                       - Undefined Weak Reference
    __arm_preinit_                            - Undefined Weak Reference
    __arm_relocate_pie_                       - Undefined Weak Reference
    __cpp_initialize__aeabi_                  - Undefined Weak Reference
    __cxa_finalize                            - Undefined Weak Reference
    __rt_locale                               - Undefined Weak Reference
    __sigvec_lookup                           - Undefined Weak Reference
    _atexit_init                              - Undefined Weak Reference
    _call_atexit_fns                          - Undefined Weak Reference
    _clock_init                               - Undefined Weak Reference
    _fp_trap_init                             - Undefined Weak Reference
    _fp_trap_shutdown                         - Undefined Weak Reference
    _get_lc_collate                           - Undefined Weak Reference
    _get_lc_ctype                             - Undefined Weak Reference
    _get_lc_monetary                          - Undefined Weak Reference
    _get_lc_numeric                           - Undefined Weak Reference
    _get_lc_time                              - Undefined Weak Reference
    _getenv_init                              - Undefined Weak Reference
    _handle_redirection                       - Undefined Weak Reference
    _init_alloc                               - Undefined Weak Reference
    _init_user_alloc                          - Undefined Weak Reference
    _initio                                   - Undefined Weak Reference
    _signal_finish                            - Undefined Weak Reference
    _signal_init                              - Undefined Weak Reference
    _terminate_alloc                          - Undefined Weak Reference
    _terminate_user_alloc                     - Undefined Weak Reference
    _terminateio                              - Undefined Weak Reference
    __Vectors_End                            0x000000c0   Data           0  startup_mspm0g351x_uvision.o(RESET)
    __Vectors_Size                           0x000000c0   Number         0  startup_mspm0g351x_uvision.o ABSOLUTE
    __main                                   0x000000c1   Thumb Code     8  __main.o(!!!main)
    __scatterload                            0x000000c9   Thumb Code     0  __scatter.o(!!!scatter)
    __scatterload_rt2                        0x000000c9   Thumb Code    74  __scatter.o(!!!scatter)
    __scatterload_rt2_thumb_only             0x000000c9   Thumb Code     0  __scatter.o(!!!scatter)
    __scatterload_loop                       0x000000d3   Thumb Code     0  __scatter.o(!!!scatter)
    __scatterload_copy                       0x00000121   Thumb Code    26  __scatter_copy.o(!!handler_copy)
    __scatterload_null                       0x00000141   Thumb Code     2  __scatter.o(!!handler_null)
    __scatterload_zeroinit                   0x00000149   Thumb Code    28  __scatter_zi.o(!!handler_zi)
    __rt_lib_init                            0x00000165   Thumb Code     0  libinit.o(.ARM.Collect$$libinit$$00000000)
    __rt_lib_init_fp_1                       0x00000167   Thumb Code     0  libinit2.o(.ARM.Collect$$libinit$$00000002)
    __rt_lib_init_heap_1                     0x00000167   Thumb Code     0  libinit2.o(.ARM.Collect$$libinit$$0000000C)
    __rt_lib_init_preinit_1                  0x00000167   Thumb Code     0  libinit2.o(.ARM.Collect$$libinit$$00000006)
    __rt_lib_init_rand_2                     0x00000167   Thumb Code     0  libinit2.o(.ARM.Collect$$libinit$$0000000F)
    __rt_lib_init_relocate_pie_1             0x00000167   Thumb Code     0  libinit2.o(.ARM.Collect$$libinit$$00000004)
    __rt_lib_init_user_alloc_1               0x00000167   Thumb Code     0  libinit2.o(.ARM.Collect$$libinit$$0000000E)
    __rt_lib_init_alloca_1                   0x0000016b   Thumb Code     0  libinit2.o(.ARM.Collect$$libinit$$00000030)
    __rt_lib_init_argv_1                     0x0000016b   Thumb Code     0  libinit2.o(.ARM.Collect$$libinit$$0000002E)
    __rt_lib_init_atexit_1                   0x0000016b   Thumb Code     0  libinit2.o(.ARM.Collect$$libinit$$0000001D)
    __rt_lib_init_clock_1                    0x0000016b   Thumb Code     0  libinit2.o(.ARM.Collect$$libinit$$00000023)
    __rt_lib_init_cpp_1                      0x0000016b   Thumb Code     0  libinit2.o(.ARM.Collect$$libinit$$00000034)
    __rt_lib_init_exceptions_1               0x0000016b   Thumb Code     0  libinit2.o(.ARM.Collect$$libinit$$00000032)
    __rt_lib_init_fp_trap_1                  0x0000016b   Thumb Code     0  libinit2.o(.ARM.Collect$$libinit$$00000021)
    __rt_lib_init_getenv_1                   0x0000016b   Thumb Code     0  libinit2.o(.ARM.Collect$$libinit$$00000025)
    __rt_lib_init_lc_collate_1               0x0000016b   Thumb Code     0  libinit2.o(.ARM.Collect$$libinit$$00000013)
    __rt_lib_init_lc_ctype_1                 0x0000016b   Thumb Code     0  libinit2.o(.ARM.Collect$$libinit$$00000015)
    __rt_lib_init_lc_monetary_1              0x0000016b   Thumb Code     0  libinit2.o(.ARM.Collect$$libinit$$00000017)
    __rt_lib_init_lc_numeric_1               0x0000016b   Thumb Code     0  libinit2.o(.ARM.Collect$$libinit$$00000019)
    __rt_lib_init_lc_time_1                  0x0000016b   Thumb Code     0  libinit2.o(.ARM.Collect$$libinit$$0000001B)
    __rt_lib_init_rand_1                     0x0000016b   Thumb Code     0  libinit2.o(.ARM.Collect$$libinit$$00000010)
    __rt_lib_init_return                     0x0000016b   Thumb Code     0  libinit2.o(.ARM.Collect$$libinit$$00000035)
    __rt_lib_init_signal_1                   0x0000016b   Thumb Code     0  libinit2.o(.ARM.Collect$$libinit$$0000001F)
    __rt_lib_init_stdio_1                    0x0000016b   Thumb Code     0  libinit2.o(.ARM.Collect$$libinit$$00000027)
    __rt_lib_shutdown                        0x0000016d   Thumb Code     0  libshutdown.o(.ARM.Collect$$libshutdown$$00000000)
    __rt_lib_shutdown_cpp_1                  0x0000016f   Thumb Code     0  libshutdown2.o(.ARM.Collect$$libshutdown$$00000002)
    __rt_lib_shutdown_fp_trap_1              0x0000016f   Thumb Code     0  libshutdown2.o(.ARM.Collect$$libshutdown$$00000007)
    __rt_lib_shutdown_heap_1                 0x0000016f   Thumb Code     0  libshutdown2.o(.ARM.Collect$$libshutdown$$0000000F)
    __rt_lib_shutdown_return                 0x0000016f   Thumb Code     0  libshutdown2.o(.ARM.Collect$$libshutdown$$00000010)
    __rt_lib_shutdown_signal_1               0x0000016f   Thumb Code     0  libshutdown2.o(.ARM.Collect$$libshutdown$$0000000A)
    __rt_lib_shutdown_stdio_1                0x0000016f   Thumb Code     0  libshutdown2.o(.ARM.Collect$$libshutdown$$00000004)
    __rt_lib_shutdown_user_alloc_1           0x0000016f   Thumb Code     0  libshutdown2.o(.ARM.Collect$$libshutdown$$0000000C)
    __rt_entry                               0x00000171   Thumb Code     0  __rtentry.o(.ARM.Collect$$rtentry$$00000000)
    __rt_entry_presh_1                       0x00000171   Thumb Code     0  __rtentry2.o(.ARM.Collect$$rtentry$$00000002)
    __rt_entry_sh                            0x00000171   Thumb Code     0  __rtentry4.o(.ARM.Collect$$rtentry$$00000004)
    __rt_entry_li                            0x00000177   Thumb Code     0  __rtentry2.o(.ARM.Collect$$rtentry$$0000000A)
    __rt_entry_postsh_1                      0x00000177   Thumb Code     0  __rtentry2.o(.ARM.Collect$$rtentry$$00000009)
    __rt_entry_main                          0x0000017b   Thumb Code     0  __rtentry2.o(.ARM.Collect$$rtentry$$0000000D)
    __rt_entry_postli_1                      0x0000017b   Thumb Code     0  __rtentry2.o(.ARM.Collect$$rtentry$$0000000C)
    __rt_exit                                0x00000183   Thumb Code     0  rtexit.o(.ARM.Collect$$rtexit$$00000000)
    __rt_exit_ls                             0x00000185   Thumb Code     0  rtexit2.o(.ARM.Collect$$rtexit$$00000003)
    __rt_exit_prels_1                        0x00000185   Thumb Code     0  rtexit2.o(.ARM.Collect$$rtexit$$00000002)
    __rt_exit_exit                           0x00000189   Thumb Code     0  rtexit2.o(.ARM.Collect$$rtexit$$00000004)
    rand                                     0x00000191   Thumb Code    52  rand.o(.emb_text)
    Reset_Handler                            0x000001c9   Thumb Code     4  startup_mspm0g351x_uvision.o(.text)
    NMI_Handler                              0x000001cd   Thumb Code     2  startup_mspm0g351x_uvision.o(.text)
    HardFault_Handler                        0x000001cf   Thumb Code     2  startup_mspm0g351x_uvision.o(.text)
    SVC_Handler                              0x000001d1   Thumb Code     2  startup_mspm0g351x_uvision.o(.text)
    PendSV_Handler                           0x000001d3   Thumb Code     2  startup_mspm0g351x_uvision.o(.text)
    SysTick_Handler                          0x000001d5   Thumb Code     2  startup_mspm0g351x_uvision.o(.text)
    ADC0_IRQHandler                          0x000001d7   Thumb Code     0  startup_mspm0g351x_uvision.o(.text)
    ADC1_IRQHandler                          0x000001d7   Thumb Code     0  startup_mspm0g351x_uvision.o(.text)
    AESADV_IRQHandler                        0x000001d7   Thumb Code     0  startup_mspm0g351x_uvision.o(.text)
    CANFD0_IRQHandler                        0x000001d7   Thumb Code     0  startup_mspm0g351x_uvision.o(.text)
    CANFD1_IRQHandler                        0x000001d7   Thumb Code     0  startup_mspm0g351x_uvision.o(.text)
    DAC0_IRQHandler                          0x000001d7   Thumb Code     0  startup_mspm0g351x_uvision.o(.text)
    DMA_IRQHandler                           0x000001d7   Thumb Code     0  startup_mspm0g351x_uvision.o(.text)
    Default_Handler                          0x000001d7   Thumb Code     2  startup_mspm0g351x_uvision.o(.text)
    GROUP0_IRQHandler                        0x000001d7   Thumb Code     0  startup_mspm0g351x_uvision.o(.text)
    GROUP1_IRQHandler                        0x000001d7   Thumb Code     0  startup_mspm0g351x_uvision.o(.text)
    I2C0_IRQHandler                          0x000001d7   Thumb Code     0  startup_mspm0g351x_uvision.o(.text)
    I2C1_IRQHandler                          0x000001d7   Thumb Code     0  startup_mspm0g351x_uvision.o(.text)
    I2C2_IRQHandler                          0x000001d7   Thumb Code     0  startup_mspm0g351x_uvision.o(.text)
    LFSS_IRQHandler                          0x000001d7   Thumb Code     0  startup_mspm0g351x_uvision.o(.text)
    SPI0_IRQHandler                          0x000001d7   Thumb Code     0  startup_mspm0g351x_uvision.o(.text)
    SPI1_IRQHandler                          0x000001d7   Thumb Code     0  startup_mspm0g351x_uvision.o(.text)
    SPI2_IRQHandler                          0x000001d7   Thumb Code     0  startup_mspm0g351x_uvision.o(.text)
    TIMA1_IRQHandler                         0x000001d7   Thumb Code     0  startup_mspm0g351x_uvision.o(.text)
    TIMG0_IRQHandler                         0x000001d7   Thumb Code     0  startup_mspm0g351x_uvision.o(.text)
    TIMG12_IRQHandler                        0x000001d7   Thumb Code     0  startup_mspm0g351x_uvision.o(.text)
    TIMG14_IRQHandler                        0x000001d7   Thumb Code     0  startup_mspm0g351x_uvision.o(.text)
    TIMG6_IRQHandler                         0x000001d7   Thumb Code     0  startup_mspm0g351x_uvision.o(.text)
    TIMG7_IRQHandler                         0x000001d7   Thumb Code     0  startup_mspm0g351x_uvision.o(.text)
    TIMG8_IRQHandler                         0x000001d7   Thumb Code     0  startup_mspm0g351x_uvision.o(.text)
    TIMG9_IRQHandler                         0x000001d7   Thumb Code     0  startup_mspm0g351x_uvision.o(.text)
    UART0_IRQHandler                         0x000001d7   Thumb Code     0  startup_mspm0g351x_uvision.o(.text)
    UART1_IRQHandler                         0x000001d7   Thumb Code     0  startup_mspm0g351x_uvision.o(.text)
    UART3_IRQHandler                         0x000001d7   Thumb Code     0  startup_mspm0g351x_uvision.o(.text)
    UART4_IRQHandler                         0x000001d7   Thumb Code     0  startup_mspm0g351x_uvision.o(.text)
    UART5_IRQHandler                         0x000001d7   Thumb Code     0  startup_mspm0g351x_uvision.o(.text)
    UART6_IRQHandler                         0x000001d7   Thumb Code     0  startup_mspm0g351x_uvision.o(.text)
    UART7_IRQHandler                         0x000001d7   Thumb Code     0  startup_mspm0g351x_uvision.o(.text)
    __user_initial_stackheap                 0x000001d9   Thumb Code    10  startup_mspm0g351x_uvision.o(.text)
    srand                                    0x000001f5   Thumb Code    44  rand.o(.text)
    _rand_init                               0x00000221   Thumb Code     4  rand.o(.text)
    _memset_w                                0x00000231   Thumb Code    26  rt_memclr.o(.text)
    _memset                                  0x0000024b   Thumb Code    30  rt_memclr.o(.text)
    __aeabi_memclr                           0x00000269   Thumb Code     4  rt_memclr.o(.text)
    __rt_memclr                              0x00000269   Thumb Code     0  rt_memclr.o(.text)
    __aeabi_memclr4                          0x0000026d   Thumb Code     0  rt_memclr.o(.text)
    __aeabi_memclr8                          0x0000026d   Thumb Code     0  rt_memclr.o(.text)
    __rt_memclr_w                            0x0000026d   Thumb Code     4  rt_memclr.o(.text)
    __aeabi_uidivmod                         0x00000271   Thumb Code    28  aeabi_sdivfast.o(.text)
    __aeabi_idivmod                          0x0000028d   Thumb Code   472  aeabi_sdivfast.o(.text)
    __use_two_region_memory                  0x00000469   Thumb Code     2  heapauxi.o(.text)
    __rt_heap_escrow$2region                 0x0000046b   Thumb Code     2  heapauxi.o(.text)
    __rt_heap_expand$2region                 0x0000046d   Thumb Code     2  heapauxi.o(.text)
    __user_setup_stackheap                   0x0000046f   Thumb Code    62  sys_stackheap_outer.o(.text)
    exit                                     0x000004ad   Thumb Code    16  exit.o(.text)
    __user_libspace                          0x000004bd   Thumb Code     8  libspace.o(.text)
    __user_perproc_libspace                  0x000004bd   Thumb Code     0  libspace.o(.text)
    __user_perthread_libspace                0x000004bd   Thumb Code     0  libspace.o(.text)
    _sys_exit                                0x000004c5   Thumb Code     8  sys_exit.o(.text)
    __I$use$semihosting                      0x000004d1   Thumb Code     0  use_no_semi.o(.text)
    __use_no_semihosting_swi                 0x000004d1   Thumb Code     2  use_no_semi.o(.text)
    DL_Common_delayCycles                    0x000004d3   Thumb Code    10  dl_common.o(.text.DL_Common_delayCycles)
    __semihosting_library_function           0x000004d3   Thumb Code     0  indicate_semi.o(.text)
    DL_FactoryRegion_initTrimTable           0x000004dd   Thumb Code    76  dl_factoryregion.o(.text.DL_FactoryRegion_initTrimTable)
    DL_SPI_init                              0x00000531   Thumb Code    60  dl_spi.o(.text.DL_SPI_init)
    DL_SPI_setClockConfig                    0x00000575   Thumb Code    18  dl_spi.o(.text.DL_SPI_setClockConfig)
    DL_SYSCTL_configSYSPLL                   0x00000589   Thumb Code   240  dl_sysctl_mspm0gx51x.o(.text.DL_SYSCTL_configSYSPLL)
    DL_SYSCTL_setHFCLKSourceHFXTParams       0x00000689   Thumb Code   128  dl_sysctl_mspm0gx51x.o(.text.DL_SYSCTL_setHFCLKSourceHFXTParams)
    DL_SYSCTL_switchMCLKfromSYSOSCtoHSCLK    0x00000715   Thumb Code    72  dl_sysctl_mspm0gx51x.o(.text.DL_SYSCTL_switchMCLKfromSYSOSCtoHSCLK)
    DL_Timer_initTimerMode                   0x00000765   Thumb Code   240  dl_timer.o(.text.DL_Timer_initTimerMode)
    DL_Timer_setClockConfig                  0x00000865   Thumb Code    24  dl_timer.o(.text.DL_Timer_setClockConfig)
    KeySCInput                               0x00000881   Thumb Code   516  keyboard.o(.text.KeySCInput)
    OLED_Clear                               0x00000a91   Thumb Code   356  oled_spi_v0.2.o(.text.OLED_Clear)
    OLED_DrawLine                            0x00000bf5   Thumb Code   216  oled_spi_v0.2.o(.text.OLED_DrawLine)
    OLED_DrawPoint                           0x00000ccd   Thumb Code    36  oled_spi_v0.2.o(.text.OLED_DrawPoint)
    OLED_Init                                0x00000cf5   Thumb Code  1982  oled_spi_v0.2.o(.text.OLED_Init)
    OLED_Refresh                             0x000014b5   Thumb Code   440  oled_spi_v0.2.o(.text.OLED_Refresh)
    OLED_ShowCHinese                         0x0000167d   Thumb Code   704  oled_spi_v0.2.o(.text.OLED_ShowCHinese)
    OLED_ShowCHinese_small                   0x00001941   Thumb Code   300  oled_spi_v0.2.o(.text.OLED_ShowCHinese_small)
    OLED_ShowChar                            0x00001a79   Thumb Code   724  oled_spi_v0.2.o(.text.OLED_ShowChar)
    OLED_ShowChar_small                      0x00001d59   Thumb Code    80  oled_spi_v0.2.o(.text.OLED_ShowChar_small)
    OLED_ShowNum                             0x00001dad   Thumb Code   476  oled_spi_v0.2.o(.text.OLED_ShowNum)
    SYSCFG_DL_GPIO_init                      0x00001f95   Thumb Code   204  ti_msp_dl_config.o(.text.SYSCFG_DL_GPIO_init)
    SYSCFG_DL_SPI_0_init                     0x0000209d   Thumb Code    56  ti_msp_dl_config.o(.text.SYSCFG_DL_SPI_0_init)
    SYSCFG_DL_SYSCTL_init                    0x000020e9   Thumb Code   132  ti_msp_dl_config.o(.text.SYSCFG_DL_SYSCTL_init)
    SYSCFG_DL_TIMER_0_init                   0x00002179   Thumb Code    36  ti_msp_dl_config.o(.text.SYSCFG_DL_TIMER_0_init)
    SYSCFG_DL_TRNG_init                      0x000021b1   Thumb Code    60  ti_msp_dl_config.o(.text.SYSCFG_DL_TRNG_init)
    SYSCFG_DL_init                           0x000021f5   Thumb Code    48  ti_msp_dl_config.o(.text.SYSCFG_DL_init)
    SYSCFG_DL_initPower                      0x00002231   Thumb Code    52  ti_msp_dl_config.o(.text.SYSCFG_DL_initPower)
    TIMA0_IRQHandler                         0x00002285   Thumb Code     8  function.o(.text.TIMA0_IRQHandler)
    boot_screen                              0x0000228d   Thumb Code    36  interface.o(.text.boot_screen)
    choice_screen                            0x000022b1   Thumb Code    68  interface.o(.text.choice_screen)
    food_generator                           0x000022f5   Thumb Code   432  function.o(.text.food_generator)
    frame_screen                             0x000024a5   Thumb Code    82  interface.o(.text.frame_screen)
    game                                     0x000024f9   Thumb Code   272  function.o(.text.game)
    main                                     0x00002625   Thumb Code    92  main.o(.text.main)
    move                                     0x0000268d   Thumb Code   348  function.o(.text.move)
    pause_screen                             0x00002829   Thumb Code   350  interface.o(.text.pause_screen)
    prompt_screen                            0x00002989   Thumb Code   172  interface.o(.text.prompt_screen)
    snake_init                               0x00002a35   Thumb Code   268  function.o(.text.snake_init)
    __aeabi_uidiv                            0x00002b49   Thumb Code    68  aeabi_sdivfast.o(.text_divfast)
    __aeabi_idiv                             0x00002b8d   Thumb Code   434  aeabi_sdivfast.o(.text_divfast)
    F6x8                                     0x00002d3e   Data         552  oled_spi_v0.2.o(.rodata.F6x8)
    F8X16                                    0x00002f66   Data        1520  oled_spi_v0.2.o(.rodata.F8X16)
    Hzk                                      0x00003556   Data        2624  oled_spi_v0.2.o(.rodata.Hzk)
    Hzk_small                                0x00003f96   Data         176  oled_spi_v0.2.o(.rodata.Hzk_small)
    Region$$Table$$Base                      0x00004098   Number         0  anon$$obj.o(Region$$Table)
    Region$$Table$$Limit                     0x000040b8   Number         0  anon$$obj.o(Region$$Table)
    DL_FACTORYREGION_TrimTable               0x20200000   Data          68  dl_factoryregion.o(.TrimTable)
    FACTORYVALUE                             0x20200044   Data           4  dl_factoryregion.o(.data.FACTORYVALUE)
    keytonum                                 0x20200048   Data          17  keyboard.o(.data.keytonum)
    len                                      0x20200059   Data           1  function.o(.data.len)
    _random_number_data                      0x20200060   Data         228  rand.o(.bss)
    __libspace_start                         0x20200144   Data          96  libspace.o(.bss)
    OLED_GRAM                                0x202001a4   Data        1040  oled_spi_v0.2.o(.bss.OLED_GRAM)
    __temporary_stack_top$libspace           0x202001a4   Data           0  libspace.o(.bss)
    direction                                0x202005b4   Data           1  function.o(.bss.direction)
    food                                     0x202005b6   Data           2  function.o(.bss.food)
    gSPI_0Backup                             0x202005b8   Data          40  ti_msp_dl_config.o(.bss.gSPI_0Backup)
    gTIMER_0Backup                           0x202005e0   Data         188  ti_msp_dl_config.o(.bss.gTIMER_0Backup)
    gTRNGBackup                              0x2020069c   Data          16  ti_msp_dl_config.o(.bss.gTRNGBackup)
    is_over                                  0x202006ac   Data           1  function.o(.bss.is_over)
    is_time                                  0x202006ad   Data           1  function.o(.bss.is_time)
    score                                    0x202006ae   Data           1  function.o(.bss.score)
    snake                                    0x202006af   Data         200  function.o(.bss.snake)



==============================================================================

Memory Map of the image

  Image Entry point : 0x000000c1

  Load Region LR_IROM1 (Base: 0x00000000, Size: 0x00004118, Max: 0x00080000, ABSOLUTE)

    Execution Region ER_IROM1 (Exec base: 0x00000000, Load base: 0x00000000, Size: 0x000040b8, Max: 0x00080000, ABSOLUTE)

    Exec Addr    Load Addr    Size         Type   Attr      Idx    E Section Name        Object

    0x00000000   0x00000000   0x000000c0   Data   RO         1017    RESET               startup_mspm0g351x_uvision.o
    0x000000c0   0x000000c0   0x00000008   Code   RO         1047  * !!!main             c_p.l(__main.o)
    0x000000c8   0x000000c8   0x00000054   Code   RO         1224    !!!scatter          c_p.l(__scatter.o)
    0x0000011c   0x0000011c   0x00000004   PAD
    0x00000120   0x00000120   0x0000001a   Code   RO         1228    !!handler_copy      c_p.l(__scatter_copy.o)
    0x0000013a   0x0000013a   0x00000006   PAD
    0x00000140   0x00000140   0x00000002   Code   RO         1225    !!handler_null      c_p.l(__scatter.o)
    0x00000142   0x00000142   0x00000006   PAD
    0x00000148   0x00000148   0x0000001c   Code   RO         1230    !!handler_zi        c_p.l(__scatter_zi.o)
    0x00000164   0x00000164   0x00000002   Code   RO         1140    .ARM.Collect$$libinit$$00000000  c_p.l(libinit.o)
    0x00000166   0x00000166   0x00000000   Code   RO         1055    .ARM.Collect$$libinit$$00000002  c_p.l(libinit2.o)
    0x00000166   0x00000166   0x00000000   Code   RO         1057    .ARM.Collect$$libinit$$00000004  c_p.l(libinit2.o)
    0x00000166   0x00000166   0x00000000   Code   RO         1059    .ARM.Collect$$libinit$$00000006  c_p.l(libinit2.o)
    0x00000166   0x00000166   0x00000000   Code   RO         1062    .ARM.Collect$$libinit$$0000000C  c_p.l(libinit2.o)
    0x00000166   0x00000166   0x00000000   Code   RO         1064    .ARM.Collect$$libinit$$0000000E  c_p.l(libinit2.o)
    0x00000166   0x00000166   0x00000004   Code   RO         1065    .ARM.Collect$$libinit$$0000000F  c_p.l(libinit2.o)
    0x0000016a   0x0000016a   0x00000000   Code   RO         1066    .ARM.Collect$$libinit$$00000010  c_p.l(libinit2.o)
    0x0000016a   0x0000016a   0x00000000   Code   RO         1069    .ARM.Collect$$libinit$$00000013  c_p.l(libinit2.o)
    0x0000016a   0x0000016a   0x00000000   Code   RO         1071    .ARM.Collect$$libinit$$00000015  c_p.l(libinit2.o)
    0x0000016a   0x0000016a   0x00000000   Code   RO         1073    .ARM.Collect$$libinit$$00000017  c_p.l(libinit2.o)
    0x0000016a   0x0000016a   0x00000000   Code   RO         1075    .ARM.Collect$$libinit$$00000019  c_p.l(libinit2.o)
    0x0000016a   0x0000016a   0x00000000   Code   RO         1077    .ARM.Collect$$libinit$$0000001B  c_p.l(libinit2.o)
    0x0000016a   0x0000016a   0x00000000   Code   RO         1079    .ARM.Collect$$libinit$$0000001D  c_p.l(libinit2.o)
    0x0000016a   0x0000016a   0x00000000   Code   RO         1081    .ARM.Collect$$libinit$$0000001F  c_p.l(libinit2.o)
    0x0000016a   0x0000016a   0x00000000   Code   RO         1083    .ARM.Collect$$libinit$$00000021  c_p.l(libinit2.o)
    0x0000016a   0x0000016a   0x00000000   Code   RO         1085    .ARM.Collect$$libinit$$00000023  c_p.l(libinit2.o)
    0x0000016a   0x0000016a   0x00000000   Code   RO         1087    .ARM.Collect$$libinit$$00000025  c_p.l(libinit2.o)
    0x0000016a   0x0000016a   0x00000000   Code   RO         1089    .ARM.Collect$$libinit$$00000027  c_p.l(libinit2.o)
    0x0000016a   0x0000016a   0x00000000   Code   RO         1093    .ARM.Collect$$libinit$$0000002E  c_p.l(libinit2.o)
    0x0000016a   0x0000016a   0x00000000   Code   RO         1095    .ARM.Collect$$libinit$$00000030  c_p.l(libinit2.o)
    0x0000016a   0x0000016a   0x00000000   Code   RO         1097    .ARM.Collect$$libinit$$00000032  c_p.l(libinit2.o)
    0x0000016a   0x0000016a   0x00000000   Code   RO         1099    .ARM.Collect$$libinit$$00000034  c_p.l(libinit2.o)
    0x0000016a   0x0000016a   0x00000002   Code   RO         1100    .ARM.Collect$$libinit$$00000035  c_p.l(libinit2.o)
    0x0000016c   0x0000016c   0x00000002   Code   RO         1191    .ARM.Collect$$libshutdown$$00000000  c_p.l(libshutdown.o)
    0x0000016e   0x0000016e   0x00000000   Code   RO         1207    .ARM.Collect$$libshutdown$$00000002  c_p.l(libshutdown2.o)
    0x0000016e   0x0000016e   0x00000000   Code   RO         1209    .ARM.Collect$$libshutdown$$00000004  c_p.l(libshutdown2.o)
    0x0000016e   0x0000016e   0x00000000   Code   RO         1212    .ARM.Collect$$libshutdown$$00000007  c_p.l(libshutdown2.o)
    0x0000016e   0x0000016e   0x00000000   Code   RO         1215    .ARM.Collect$$libshutdown$$0000000A  c_p.l(libshutdown2.o)
    0x0000016e   0x0000016e   0x00000000   Code   RO         1217    .ARM.Collect$$libshutdown$$0000000C  c_p.l(libshutdown2.o)
    0x0000016e   0x0000016e   0x00000000   Code   RO         1220    .ARM.Collect$$libshutdown$$0000000F  c_p.l(libshutdown2.o)
    0x0000016e   0x0000016e   0x00000002   Code   RO         1221    .ARM.Collect$$libshutdown$$00000010  c_p.l(libshutdown2.o)
    0x00000170   0x00000170   0x00000000   Code   RO         1049    .ARM.Collect$$rtentry$$00000000  c_p.l(__rtentry.o)
    0x00000170   0x00000170   0x00000000   Code   RO         1102    .ARM.Collect$$rtentry$$00000002  c_p.l(__rtentry2.o)
    0x00000170   0x00000170   0x00000006   Code   RO         1114    .ARM.Collect$$rtentry$$00000004  c_p.l(__rtentry4.o)
    0x00000176   0x00000176   0x00000000   Code   RO         1104    .ARM.Collect$$rtentry$$00000009  c_p.l(__rtentry2.o)
    0x00000176   0x00000176   0x00000004   Code   RO         1105    .ARM.Collect$$rtentry$$0000000A  c_p.l(__rtentry2.o)
    0x0000017a   0x0000017a   0x00000000   Code   RO         1107    .ARM.Collect$$rtentry$$0000000C  c_p.l(__rtentry2.o)
    0x0000017a   0x0000017a   0x00000008   Code   RO         1108    .ARM.Collect$$rtentry$$0000000D  c_p.l(__rtentry2.o)
    0x00000182   0x00000182   0x00000002   Code   RO         1149    .ARM.Collect$$rtexit$$00000000  c_p.l(rtexit.o)
    0x00000184   0x00000184   0x00000000   Code   RO         1171    .ARM.Collect$$rtexit$$00000002  c_p.l(rtexit2.o)
    0x00000184   0x00000184   0x00000004   Code   RO         1172    .ARM.Collect$$rtexit$$00000003  c_p.l(rtexit2.o)
    0x00000188   0x00000188   0x00000006   Code   RO         1173    .ARM.Collect$$rtexit$$00000004  c_p.l(rtexit2.o)
    0x0000018e   0x0000018e   0x00000002   PAD
    0x00000190   0x00000190   0x00000038   Code   RO         1026    .emb_text           c_p.l(rand.o)
    0x000001c8   0x000001c8   0x0000002c   Code   RO         1018    .text               startup_mspm0g351x_uvision.o
    0x000001f4   0x000001f4   0x0000003c   Code   RO         1027    .text               c_p.l(rand.o)
    0x00000230   0x00000230   0x00000040   Code   RO         1035    .text               c_p.l(rt_memclr.o)
    0x00000270   0x00000270   0x000001f8   Code   RO         1037    .text               c_p.l(aeabi_sdivfast.o)
    0x00000468   0x00000468   0x00000006   Code   RO         1045    .text               c_p.l(heapauxi.o)
    0x0000046e   0x0000046e   0x0000003e   Code   RO         1122    .text               c_p.l(sys_stackheap_outer.o)
    0x000004ac   0x000004ac   0x00000010   Code   RO         1125    .text               c_p.l(exit.o)
    0x000004bc   0x000004bc   0x00000008   Code   RO         1145    .text               c_p.l(libspace.o)
    0x000004c4   0x000004c4   0x0000000c   Code   RO         1163    .text               c_p.l(sys_exit.o)
    0x000004d0   0x000004d0   0x00000002   Code   RO         1167    .text               c_p.l(use_no_semi.o)
    0x000004d2   0x000004d2   0x00000000   Code   RO         1169    .text               c_p.l(indicate_semi.o)
    0x000004d2   0x000004d2   0x0000000a   Code   RO          251    .text.DL_Common_delayCycles  dl_common.o
    0x000004dc   0x000004dc   0x00000054   Code   RO          957    .text.DL_FactoryRegion_initTrimTable  dl_factoryregion.o
    0x00000530   0x00000530   0x00000044   Code   RO          726    .text.DL_SPI_init   dl_spi.o
    0x00000574   0x00000574   0x00000012   Code   RO          728    .text.DL_SPI_setClockConfig  dl_spi.o
    0x00000586   0x00000586   0x00000002   PAD
    0x00000588   0x00000588   0x00000100   Code   RO          980    .text.DL_SYSCTL_configSYSPLL  dl_sysctl_mspm0gx51x.o
    0x00000688   0x00000688   0x0000008c   Code   RO          994    .text.DL_SYSCTL_setHFCLKSourceHFXTParams  dl_sysctl_mspm0gx51x.o
    0x00000714   0x00000714   0x00000050   Code   RO          988    .text.DL_SYSCTL_switchMCLKfromSYSOSCtoHSCLK  dl_sysctl_mspm0gx51x.o
    0x00000764   0x00000764   0x00000100   Code   RO          785    .text.DL_Timer_initTimerMode  dl_timer.o
    0x00000864   0x00000864   0x0000001c   Code   RO          781    .text.DL_Timer_setClockConfig  dl_timer.o
    0x00000880   0x00000880   0x00000210   Code   RO            4    .text.KeySCInput    keyboard.o
    0x00000a90   0x00000a90   0x00000164   Code   RO           23    .text.OLED_Clear    oled_spi_v0.2.o
    0x00000bf4   0x00000bf4   0x000000d8   Code   RO           51    .text.OLED_DrawLine  oled_spi_v0.2.o
    0x00000ccc   0x00000ccc   0x00000028   Code   RO           49    .text.OLED_DrawPoint  oled_spi_v0.2.o
    0x00000cf4   0x00000cf4   0x000007be   Code   RO           55    .text.OLED_Init     oled_spi_v0.2.o
    0x000014b2   0x000014b2   0x00000002   PAD
    0x000014b4   0x000014b4   0x000001c8   Code   RO           47    .text.OLED_Refresh  oled_spi_v0.2.o
    0x0000167c   0x0000167c   0x000002c4   Code   RO           37    .text.OLED_ShowCHinese  oled_spi_v0.2.o
    0x00001940   0x00001940   0x00000138   Code   RO           39    .text.OLED_ShowCHinese_small  oled_spi_v0.2.o
    0x00001a78   0x00001a78   0x000002e0   Code   RO           25    .text.OLED_ShowChar  oled_spi_v0.2.o
    0x00001d58   0x00001d58   0x00000054   Code   RO           27    .text.OLED_ShowChar_small  oled_spi_v0.2.o
    0x00001dac   0x00001dac   0x000001e8   Code   RO           31    .text.OLED_ShowNum  oled_spi_v0.2.o
    0x00001f94   0x00001f94   0x00000108   Code   RO          138    .text.SYSCFG_DL_GPIO_init  ti_msp_dl_config.o
    0x0000209c   0x0000209c   0x0000004c   Code   RO          144    .text.SYSCFG_DL_SPI_0_init  ti_msp_dl_config.o
    0x000020e8   0x000020e8   0x00000090   Code   RO          140    .text.SYSCFG_DL_SYSCTL_init  ti_msp_dl_config.o
    0x00002178   0x00002178   0x00000038   Code   RO          142    .text.SYSCFG_DL_TIMER_0_init  ti_msp_dl_config.o
    0x000021b0   0x000021b0   0x00000044   Code   RO          146    .text.SYSCFG_DL_TRNG_init  ti_msp_dl_config.o
    0x000021f4   0x000021f4   0x0000003c   Code   RO          134    .text.SYSCFG_DL_init  ti_msp_dl_config.o
    0x00002230   0x00002230   0x00000054   Code   RO          136    .text.SYSCFG_DL_initPower  ti_msp_dl_config.o
    0x00002284   0x00002284   0x00000008   Code   RO          106    .text.TIMA0_IRQHandler  function.o
    0x0000228c   0x0000228c   0x00000024   Code   RO           70    .text.boot_screen   interface.o
    0x000022b0   0x000022b0   0x00000044   Code   RO           72    .text.choice_screen  interface.o
    0x000022f4   0x000022f4   0x000001b0   Code   RO           96    .text.food_generator  function.o
    0x000024a4   0x000024a4   0x00000052   Code   RO           74    .text.frame_screen  interface.o
    0x000024f6   0x000024f6   0x00000002   PAD
    0x000024f8   0x000024f8   0x0000012c   Code   RO           88    .text.game          function.o
    0x00002624   0x00002624   0x00000068   Code   RO          123    .text.main          main.o
    0x0000268c   0x0000268c   0x0000019c   Code   RO           90    .text.move          function.o
    0x00002828   0x00002828   0x0000015e   Code   RO           78    .text.pause_screen  interface.o
    0x00002986   0x00002986   0x00000002   PAD
    0x00002988   0x00002988   0x000000ac   Code   RO           76    .text.prompt_screen  interface.o
    0x00002a34   0x00002a34   0x00000114   Code   RO           94    .text.snake_init    function.o
    0x00002b48   0x00002b48   0x000001f6   Code   RO         1038    .text_divfast       c_p.l(aeabi_sdivfast.o)
    0x00002d3e   0x00002d3e   0x00000228   Data   RO           57    .rodata.F6x8        oled_spi_v0.2.o
    0x00002f66   0x00002f66   0x000005f0   Data   RO           58    .rodata.F8X16       oled_spi_v0.2.o
    0x00003556   0x00003556   0x00000a40   Data   RO           59    .rodata.Hzk         oled_spi_v0.2.o
    0x00003f96   0x00003f96   0x000000b0   Data   RO           60    .rodata.Hzk_small   oled_spi_v0.2.o
    0x00004046   0x00004046   0x00000002   Data   RO          158    .rodata.gSPI_0_clockConfig  ti_msp_dl_config.o
    0x00004048   0x00004048   0x0000000a   Data   RO          159    .rodata.gSPI_0_config  ti_msp_dl_config.o
    0x00004052   0x00004052   0x00000002   PAD
    0x00004054   0x00004054   0x00000028   Data   RO          155    .rodata.gSYSPLLConfig  ti_msp_dl_config.o
    0x0000407c   0x0000407c   0x00000003   Data   RO          156    .rodata.gTIMER_0ClockConfig  ti_msp_dl_config.o
    0x0000407f   0x0000407f   0x00000001   PAD
    0x00004080   0x00004080   0x00000014   Data   RO          157    .rodata.gTIMER_0TimerConfig  ti_msp_dl_config.o
    0x00004094   0x00004094   0x00000004   PAD
    0x00004098   0x00004098   0x00000020   Data   RO         1223    Region$$Table       anon$$obj.o


    Execution Region RW_IRAM1 (Exec base: 0x20200000, Load base: 0x000040b8, Size: 0x00002778, Max: 0x00010000, ABSOLUTE)

    Exec Addr    Load Addr    Size         Type   Attr      Idx    E Section Name        Object

    0x20200000   0x000040b8   0x00000044   Data   RW          959    .TrimTable          dl_factoryregion.o
    0x20200044   0x000040fc   0x00000004   Data   RW          960    .data.FACTORYVALUE  dl_factoryregion.o
    0x20200048   0x00004100   0x00000011   Data   RW            6    .data.keytonum      keyboard.o
    0x20200059   0x00004111   0x00000001   Data   RW          108    .data.len           function.o
    0x2020005a   0x00004112   0x00000006   PAD
    0x20200060        -       0x000000e4   Zero   RW         1028    .bss                c_p.l(rand.o)
    0x20200144        -       0x00000060   Zero   RW         1146    .bss                c_p.l(libspace.o)
    0x202001a4        -       0x00000410   Zero   RW           61    .bss.OLED_GRAM      oled_spi_v0.2.o
    0x202005b4        -       0x00000001   Zero   RW          112    .bss.direction      function.o
    0x202005b5   0x00004112   0x00000001   PAD
    0x202005b6        -       0x00000002   Zero   RW          109    .bss.food           function.o
    0x202005b8        -       0x00000028   Zero   RW          153    .bss.gSPI_0Backup   ti_msp_dl_config.o
    0x202005e0        -       0x000000bc   Zero   RW          152    .bss.gTIMER_0Backup  ti_msp_dl_config.o
    0x2020069c        -       0x00000010   Zero   RW          154    .bss.gTRNGBackup    ti_msp_dl_config.o
    0x202006ac        -       0x00000001   Zero   RW          110    .bss.is_over        function.o
    0x202006ad        -       0x00000001   Zero   RW          111    .bss.is_time        function.o
    0x202006ae        -       0x00000001   Zero   RW          113    .bss.score          function.o
    0x202006af        -       0x000000c8   Zero   RW          114    .bss.snake          function.o
    0x20200777   0x00004112   0x00000001   PAD
    0x20200778        -       0x00000000   Zero   RW         1016    HEAP                startup_mspm0g351x_uvision.o
    0x20200778        -       0x00002000   Zero   RW         1015    STACK               startup_mspm0g351x_uvision.o


    Execution Region RW_IRAM2 (Exec base: 0x20210000, Load base: 0x00004118, Size: 0x00000000, Max: 0x00010000, ABSOLUTE)

    **** No section assigned to this execution region ****



  Load Region LR_BCR (Base: 0x41c00000, Size: 0x00000000, Max: 0x00000100, ABSOLUTE)

    Execution Region BCR_CONFIG (Exec base: 0x41c00000, Load base: 0x41c00000, Size: 0x00000000, Max: 0x000000ff, ABSOLUTE)

    **** No section assigned to this execution region ****



  Load Region LR_BSL (Base: 0x41c00100, Size: 0x00000000, Max: 0x00000100, ABSOLUTE)

    Execution Region BSL_CONFIG (Exec base: 0x41c00100, Load base: 0x41c00100, Size: 0x00000000, Max: 0x00000080, ABSOLUTE)

    **** No section assigned to this execution region ****



  Load Region LR_DATA (Base: 0x41d00000, Size: 0x00000000, Max: 0x00004000, ABSOLUTE)

    Execution Region DATA (Exec base: 0x41d00000, Load base: 0x41d00000, Size: 0x00000000, Max: 0x00004000, ABSOLUTE)

    **** No section assigned to this execution region ****


==============================================================================

Image component sizes


      Code (inc. data)   RO Data    RW Data    ZI Data      Debug   Object Name

        10          0          0          0          0        632   dl_common.o
        84          8          0         72          0       2130   dl_factoryregion.o
        86          8          0          0          0      16294   dl_spi.o
       476         36          0          0          0      15551   dl_sysctl_mspm0gx51x.o
       284        160          0          0          0      39012   dl_timer.o
      1428        100          0          1        206       9231   function.o
       708          0          0          0          0       2136   interface.o
       528         12          0         17          0       7278   keyboard.o
       104         12          0          0          0       2546   main.o
      5378         80       4872          0       1040      63791   oled_spi_v0.2.o
        44         18        192          0       8192        696   startup_mspm0g351x_uvision.o
       752        164         75          0        244      28227   ti_msp_dl_config.o

    ----------------------------------------------------------------------
      9890        598       5178         92       9688     187524   Object Totals
         0          0         32          0          0          0   (incl. Generated)
         8          0          7          2          6          0   (incl. Padding)

    ----------------------------------------------------------------------

      Code (inc. data)   RO Data    RW Data    ZI Data      Debug   Library Member Name

         8          0          0          0          0         68   __main.o
         0          0          0          0          0          0   __rtentry.o
        12          0          0          0          0          0   __rtentry2.o
         6          0          0          0          0          0   __rtentry4.o
        86         10          0          0          0          0   __scatter.o
        26          0          0          0          0          0   __scatter_copy.o
        28          0          0          0          0          0   __scatter_zi.o
      1006          4          0          0          0        184   aeabi_sdivfast.o
        16          0          0          0          0         68   exit.o
         6          0          0          0          0        136   heapauxi.o
         0          0          0          0          0          0   indicate_semi.o
         2          0          0          0          0          0   libinit.o
         6          0          0          0          0          0   libinit2.o
         2          0          0          0          0          0   libshutdown.o
         2          0          0          0          0          0   libshutdown2.o
         8          4          0          0         96         68   libspace.o
       116         16          0          0        228        156   rand.o
        64          0          0          0          0        108   rt_memclr.o
         2          0          0          0          0          0   rtexit.o
        10          0          0          0          0          0   rtexit2.o
        12          4          0          0          0         60   sys_exit.o
        62          0          0          0          0         80   sys_stackheap_outer.o
         2          0          0          0          0         68   use_no_semi.o

    ----------------------------------------------------------------------
      1500         42          0          0        324        996   Library Totals
        18          4          0          0          0          0   (incl. Padding)

    ----------------------------------------------------------------------

      Code (inc. data)   RO Data    RW Data    ZI Data      Debug   Library Name

      1482         38          0          0        324        996   c_p.l

    ----------------------------------------------------------------------
      1500         42          0          0        324        996   Library Totals

    ----------------------------------------------------------------------

==============================================================================


      Code (inc. data)   RO Data    RW Data    ZI Data      Debug   

     11390        640       5178         92      10012     188052   Grand Totals
     11390        640       5178         92      10012     188052   ELF Image Totals
     11390        640       5178         92          0          0   ROM Totals

==============================================================================

    Total RO  Size (Code + RO Data)                16568 (  16.18kB)
    Total RW  Size (RW Data + ZI Data)             10104 (   9.87kB)
    Total ROM Size (Code + RO Data + RW Data)      16660 (  16.27kB)

==============================================================================

